Component: ARM Compiler 5.06 update 6 (build 750) Tool: armlink [4d35ed]

==============================================================================

Section Cross References

    main.o(.text) refers to misc.o(.text) for NVIC_PriorityGroupConfig
    main.o(.text) refers to delay.o(.text) for delay_init
    main.o(.text) refers to led.o(.text) for LED_Init
    main.o(.text) refers to can1.o(.text) for CAN1_Configuration
    main.o(.text) refers to can2.o(.text) for CAN2_Configuration
    main.o(.text) refers to usart.o(.text) for uart_init
    main.o(.text) refers to usart3.o(.text) for Initial_UART3
    main.o(.text) refers to pidcontroltask.o(.text) for Chassis_And_Gimbal_Data_Init
    main.o(.text) refers to usart2.o(.text) for RC_Init
    main.o(.text) refers to tim3.o(.text) for TIM3_Int_Init
    main.o(.text) refers to tim4.o(.text) for TIM4_Int_Init
    main.o(.text) refers to os_core.o(.text) for OSInit
    main.o(.text) refers to cpu_a.o(.text) for CPU_SR_Save
    main.o(.text) refers to os_task.o(.text) for OSTaskCreate
    main.o(.text) refers to os_var.o(.data) for OSSchedLockNestingCtr
    main.o(.text) refers to main.o(.bss) for START_TASK_STK
    main.o(.text) refers to starttask.o(.text) for start_task
    system_stm32f4xx.o(.text) refers to system_stm32f4xx.o(.data) for SystemCoreClock
    led.o(.text) refers to stm32f4xx_rcc.o(.text) for RCC_AHB1PeriphClockCmd
    led.o(.text) refers to stm32f4xx_gpio.o(.text) for GPIO_Init
    sprintf.o(.text) refers to _printf_pad.o(.text) for _printf_pre_padding
    sprintf.o(.text) refers to _printf_percent.o(.ARM.Collect$$_printf_percent$$00000000) for _printf_percent
    sprintf.o(.text) refers to _printf_d.o(.ARM.Collect$$_printf_percent$$00000009) for _printf_d
    sprintf.o(.text) refers to _printf_dec.o(.text) for _printf_int_dec
    sprintf.o(.text) refers to noretval__2sprintf.o(.text) for __2sprintf
    sprintf.o(.text) refers to lcd.o(.text) for LCD_ShowString
    sprintf.o(.text) refers to os_time.o(.text) for OSTimeDlyHMSM
    sprintf.o(.text) refers to remotetask.o(.bss) for RC_Ctl
    sprintf.o(.text) refers to sprintf.o(.bss) for DataScope_OutPut_Buffer
    sprintf.o(.text) refers to pidcontroltask.o(.data) for PID_pitchPosition_value
    tim3.o(.text) refers to stm32f4xx_rcc.o(.text) for RCC_APB1PeriphClockCmd
    tim3.o(.text) refers to stm32f4xx_tim.o(.text) for TIM_TimeBaseInit
    tim3.o(.text) refers to misc.o(.text) for NVIC_Init
    tim3.o(.text) refers to os_core.o(.text) for OSIntEnter
    tim3.o(.text) refers to pidcontroltask.o(.text) for Gimbal_RC_Mode
    tim4.o(.text) refers to stm32f4xx_rcc.o(.text) for RCC_APB1PeriphClockCmd
    tim4.o(.text) refers to stm32f4xx_tim.o(.text) for TIM_TimeBaseInit
    tim4.o(.text) refers to misc.o(.text) for NVIC_Init
    tim4.o(.text) refers to os_core.o(.text) for OSIntEnter
    tim4.o(.text) refers to pidcontroltask.o(.text) for YUNTAI_SPEED
    startup_stm32f40_41xxx.o(STACK) refers (Special) to heapauxi.o(.text) for __use_two_region_memory
    startup_stm32f40_41xxx.o(HEAP) refers (Special) to heapauxi.o(.text) for __use_two_region_memory
    startup_stm32f40_41xxx.o(RESET) refers (Special) to heapauxi.o(.text) for __use_two_region_memory
    startup_stm32f40_41xxx.o(RESET) refers to startup_stm32f40_41xxx.o(STACK) for __initial_sp
    startup_stm32f40_41xxx.o(RESET) refers to startup_stm32f40_41xxx.o(.text) for Reset_Handler
    startup_stm32f40_41xxx.o(RESET) refers to stm32f4xx_it.o(.text) for NMI_Handler
    startup_stm32f40_41xxx.o(RESET) refers to os_cpu_a.o(CODE) for PendSV_Handler
    startup_stm32f40_41xxx.o(RESET) refers to delay.o(.text) for SysTick_Handler
    startup_stm32f40_41xxx.o(RESET) refers to usart2.o(.text) for DMA1_Stream5_IRQHandler
    startup_stm32f40_41xxx.o(RESET) refers to can1.o(.text) for CAN1_TX_IRQHandler
    startup_stm32f40_41xxx.o(RESET) refers to tim3.o(.text) for TIM3_IRQHandler
    startup_stm32f40_41xxx.o(RESET) refers to tim4.o(.text) for TIM4_IRQHandler
    startup_stm32f40_41xxx.o(RESET) refers to usart.o(.text) for USART1_IRQHandler
    startup_stm32f40_41xxx.o(RESET) refers to usart3.o(.text) for USART3_IRQHandler
    startup_stm32f40_41xxx.o(RESET) refers to can2.o(.text) for CAN2_TX_IRQHandler
    startup_stm32f40_41xxx.o(.text) refers (Special) to heapauxi.o(.text) for __use_two_region_memory
    startup_stm32f40_41xxx.o(.text) refers to system_stm32f4xx.o(.text) for SystemInit
    startup_stm32f40_41xxx.o(.text) refers to __main.o(!!!main) for __main
    startup_stm32f40_41xxx.o(.text) refers to startup_stm32f40_41xxx.o(HEAP) for Heap_Mem
    startup_stm32f40_41xxx.o(.text) refers to startup_stm32f40_41xxx.o(STACK) for Stack_Mem
    stm32f4xx_gpio.o(.text) refers to stm32f4xx_rcc.o(.text) for RCC_AHB1PeriphResetCmd
    stm32f4xx_rcc.o(.text) refers to stm32f4xx_rcc.o(.data) for APBAHBPrescTable
    stm32f4xx_syscfg.o(.text) refers to stm32f4xx_rcc.o(.text) for RCC_APB2PeriphResetCmd
[...]
    TIM_DMAConfig                            0x080036ef   Thumb Code    10  stm32f4xx_tim.o(.text)
    TIM_DMACmd                               0x080036f9   Thumb Code    18  stm32f4xx_tim.o(.text)
    TIM_SelectCCDMA                          0x0800370b   Thumb Code    24  stm32f4xx_tim.o(.text)
    TIM_InternalClockConfig                  0x08003723   Thumb Code    12  stm32f4xx_tim.o(.text)
    TIM_SelectInputTrigger                   0x0800372f   Thumb Code    18  stm32f4xx_tim.o(.text)
    TIM_ITRxExternalClockConfig              0x08003741   Thumb Code    24  stm32f4xx_tim.o(.text)
    TIM_TIxExternalClockConfig               0x08003759   Thumb Code    62  stm32f4xx_tim.o(.text)
    TIM_ETRConfig                            0x08003797   Thumb Code    28  stm32f4xx_tim.o(.text)
    TIM_ETRClockMode1Config                  0x080037b3   Thumb Code    54  stm32f4xx_tim.o(.text)
    TIM_ETRClockMode2Config                  0x080037e9   Thumb Code    32  stm32f4xx_tim.o(.text)
    TIM_SelectOutputTrigger                  0x08003809   Thumb Code    18  stm32f4xx_tim.o(.text)
    TIM_SelectSlaveMode                      0x0800381b   Thumb Code    18  stm32f4xx_tim.o(.text)
    TIM_SelectMasterSlaveMode                0x0800382d   Thumb Code    18  stm32f4xx_tim.o(.text)
    TIM_EncoderInterfaceConfig               0x0800383f   Thumb Code    66  stm32f4xx_tim.o(.text)
    TIM_SelectHallSensor                     0x08003881   Thumb Code    24  stm32f4xx_tim.o(.text)
    TIM_RemapConfig                          0x08003899   Thumb Code     6  stm32f4xx_tim.o(.text)
    delay_osschedlock                        0x080038a1   Thumb Code    10  delay.o(.text)
    delay_osschedunlock                      0x080038ab   Thumb Code    10  delay.o(.text)
    delay_ostimedly                          0x080038b5   Thumb Code    16  delay.o(.text)
    SysTick_Handler                          0x080038c5   Thumb Code    24  delay.o(.text)
    delay_init                               0x080038dd   Thumb Code    94  delay.o(.text)
    delay_us                                 0x0800393b   Thumb Code    84  delay.o(.text)
    delay_ms                                 0x0800398f   Thumb Code    66  delay.o(.text)
    _sys_exit                                0x080039e9   Thumb Code     4  usart.o(.text)
    fputc                                    0x080039ed   Thumb Code    22  usart.o(.text)
    uart_init                                0x08003a03   Thumb Code   172  usart.o(.text)
    USART1_IRQHandler                        0x08003aaf   Thumb Code   130  usart.o(.text)
    CAN1_Configuration                       0x08003b41   Thumb Code   262  can1.o(.text)
    CAN1_TX_IRQHandler                       0x08003c47   Thumb Code    30  can1.o(.text)
    CAN1_RX0_IRQHandler                      0x08003c65   Thumb Code    58  can1.o(.text)
    CAN2_Configuration                       0x08003cad   Thumb Code   264  can2.o(.text)
    CAN2_TX_IRQHandler                       0x08003db5   Thumb Code    30  can2.o(.text)
    CAN2_RX0_IRQHandler                      0x08003dd3   Thumb Code    50  can2.o(.text)
    LCD_WR_REG                               0x08003e0d   Thumb Code    18  lcd.o(.text)
    LCD_WR_DATA                              0x08003e1f   Thumb Code    20  lcd.o(.text)
    LCD_RD_DATA                              0x08003e33   Thumb Code    16  lcd.o(.text)
    LCD_WriteReg                             0x08003e43   Thumb Code    14  lcd.o(.text)
    LCD_ReadReg                              0x08003e51   Thumb Code    22  lcd.o(.text)
    LCD_WriteRAM_Prepare                     0x08003e67   Thumb Code    10  lcd.o(.text)
    LCD_WriteRAM                             0x08003e71   Thumb Code     8  lcd.o(.text)
    LCD_BGR2RGB                              0x08003e79   Thumb Code    26  lcd.o(.text)
    opt_delay                                0x08003e93   Thumb Code    14  lcd.o(.text)
    LCD_SetCursor                            0x08003ea1   Thumb Code   418  lcd.o(.text)
    LCD_ReadPoint                            0x08004043   Thumb Code   360  lcd.o(.text)
    LCD_DisplayOn                            0x080041ab   Thumb Code   102  lcd.o(.text)
    LCD_DisplayOff                           0x08004211   Thumb Code    90  lcd.o(.text)
    LCD_Scan_Dir                             0x0800426b   Thumb Code   744  lcd.o(.text)
    LCD_DrawPoint                            0x08004553   Thumb Code    28  lcd.o(.text)
    LCD_Fast_DrawPoint                       0x0800456f   Thumb Code   388  lcd.o(.text)
    LCD_SSD_BackLightSet                     0x080046f3   Thumb Code    88  lcd.o(.text)
    LCD_Display_Dir                          0x0800474b   Thumb Code   444  lcd.o(.text)
    LCD_Set_Window                           0x08004907   Thumb Code   546  lcd.o(.text)
    LCD_Clear                                0x08004b29   Thumb Code   100  lcd.o(.text)
    LCD_Init                                 0x08004b8d   Thumb Code 14668  lcd.o(.text)
    LCD_Fill                                 0x080084d9   Thumb Code   180  lcd.o(.text)
    LCD_Color_Fill                           0x0800858d   Thumb Code   100  lcd.o(.text)
    LCD_DrawLine                             0x080085f1   Thumb Code   176  lcd.o(.text)
    LCD_DrawRectangle                        0x080086a1   Thumb Code    60  lcd.o(.text)
    LCD_Draw_Circle                          0x080086dd   Thumb Code   152  lcd.o(.text)
    LCD_ShowChar                             0x08008775   Thumb Code   272  lcd.o(.text)
    LCD_Pow                                  0x08008885   Thumb Code    22  lcd.o(.text)
    LCD_ShowNum                              0x0800889b   Thumb Code   148  lcd.o(.text)
    LCD_ShowxNum                             0x0800892f   Thumb Code   220  lcd.o(.text)
    LCD_ShowString                           0x08008a0b   Thumb Code   102  lcd.o(.text)
    RC_Init                                  0x08008a71   Thumb Code   264  usart2.o(.text)
    DMA1_Stream5_IRQHandler                  0x08008b79   Thumb Code    44  usart2.o(.text)
    Initial_UART3                            0x08008bc5   Thumb Code   182  usart3.o(.text)
    USART3_IRQHandler                        0x08008c7b   Thumb Code   130  usart3.o(.text)
    BSP_CPU_ClkFreq                          0x08008d0d   Thumb Code    14  bsp.o(.text)
    CPU_TS_TmrInit                           0x08008d1b   Thumb Code    44  bsp.o(.text)
    CPU_TS_TmrRd                             0x08008d47   Thumb Code     6  bsp.o(.text)
    CPU_TS32_to_uSec                         0x08008d4d   Thumb Code    54  bsp.o(.text)
    CPU_NameClr                              0x08008d91   Thumb Code    42  cpu_core.o(.text)
    CPU_Init                                 0x08008dd1   Thumb Code    12  cpu_core.o(.text)
    CPU_SW_Exception                         0x08008ddd   Thumb Code     4  cpu_core.o(.text)
    CPU_NameGet                              0x08008de1   Thumb Code    70  cpu_core.o(.text)
    CPU_NameSet                              0x08008e27   Thumb Code    96  cpu_core.o(.text)
    CPU_TS_Get32                             0x08008e87   Thumb Code    12  cpu_core.o(.text)
    CPU_TS_Update                            0x08008e93   Thumb Code     2  cpu_core.o(.text)
    CPU_TS_TmrFreqGet                        0x08008e95   Thumb Code    30  cpu_core.o(.text)
    CPU_TS_TmrFreqSet                        0x08008eb3   Thumb Code     6  cpu_core.o(.text)
    CPU_CntLeadZeros08                       0x08008eb9   Thumb Code    18  cpu_core.o(.text)
    CPU_CntLeadZeros16                       0x08008ecb   Thumb Code    18  cpu_core.o(.text)
    CPU_CntLeadZeros32                       0x08008edd   Thumb Code    18  cpu_core.o(.text)
    CPU_CntLeadZeros64                       0x08008eef   Thumb Code   188  cpu_core.o(.text)
    CPU_CntTrailZeros08                      0x08008fab   Thumb Code    22  cpu_core.o(.text)
    CPU_CntTrailZeros16                      0x08008fc1   Thumb Code    22  cpu_core.o(.text)
    CPU_CntTrailZeros32                      0x08008fd7   Thumb Code    22  cpu_core.o(.text)
    CPU_CntTrailZeros64                      0x08008fed   Thumb Code    62  cpu_core.o(.text)
    CPU_IntDis                               0x08009039   Thumb Code     0  cpu_a.o(.text)
    CPU_IntEn                                0x0800903d   Thumb Code     0  cpu_a.o(.text)
    CPU_SR_Save                              0x08009041   Thumb Code     0  cpu_a.o(.text)
    CPU_SR_Restore                           0x08009049   Thumb Code     0  cpu_a.o(.text)
    CPU_WaitForInt                           0x0800904f   Thumb Code     0  cpu_a.o(.text)
    CPU_WaitForExcept                        0x08009053   Thumb Code     0  cpu_a.o(.text)
    CPU_CntLeadZeros                         0x08009057   Thumb Code     0  cpu_a.o(.text)
    CPU_CntTrailZeros                        0x0800905d   Thumb Code     0  cpu_a.o(.text)
    CPU_RevBits                              0x08009067   Thumb Code     0  cpu_a.o(.text)
    ASCII_IsAlpha                            0x0800906d   Thumb Code    48  lib_ascii.o(.text)
    ASCII_IsAlphaNum                         0x0800909d   Thumb Code    76  lib_ascii.o(.text)
    ASCII_IsLower                            0x080090e9   Thumb Code    20  lib_ascii.o(.text)
    ASCII_IsUpper                            0x080090fd   Thumb Code    20  lib_ascii.o(.text)
    ASCII_IsDig                              0x08009111   Thumb Code    20  lib_ascii.o(.text)
    ASCII_IsDigOct                           0x08009125   Thumb Code    20  lib_ascii.o(.text)
    ASCII_IsDigHex                           0x08009139   Thumb Code    36  lib_ascii.o(.text)
    ASCII_IsBlank                            0x0800915d   Thumb Code    20  lib_ascii.o(.text)
    ASCII_IsSpace                            0x08009171   Thumb Code    36  lib_ascii.o(.text)
    ASCII_IsPrint                            0x08009195   Thumb Code    20  lib_ascii.o(.text)
    ASCII_IsGraph                            0x080091a9   Thumb Code    20  lib_ascii.o(.text)
    ASCII_IsPunct                            0x080091bd   Thumb Code   134  lib_ascii.o(.text)
    ASCII_IsCtrl                             0x08009243   Thumb Code    26  lib_ascii.o(.text)
    ASCII_ToLower                            0x0800925d   Thumb Code    32  lib_ascii.o(.text)
    ASCII_ToUpper                            0x0800927d   Thumb Code    32  lib_ascii.o(.text)
    ASCII_Cmp                                0x0800929d   Thumb Code    38  lib_ascii.o(.text)
    Mem_Init                                 0x080092c5   Thumb Code    54  lib_mem.o(.text)
    Mem_Set                                  0x080092fb   Thumb Code    84  lib_mem.o(.text)
    Mem_Clr                                  0x0800934f   Thumb Code    18  lib_mem.o(.text)
    Mem_Move                                 0x08009361   Thumb Code   186  lib_mem.o(.text)
    Mem_Cmp                                  0x0800941b   Thumb Code   192  lib_mem.o(.text)
    Mem_HeapAlloc                            0x08009553   Thumb Code   168  lib_mem.o(.text)
    Mem_SegGetSizeRem                        0x080095fb   Thumb Code   108  lib_mem.o(.text)
    Mem_HeapGetSizeRem                       0x08009667   Thumb Code    22  lib_mem.o(.text)
    Mem_PoolClr                              0x0800967d   Thumb Code    80  lib_mem.o(.text)
    Mem_PoolCreate                           0x080096cd   Thumb Code   838  lib_mem.o(.text)
    Mem_PoolBlkGetNbrAvail                   0x08009a13   Thumb Code    52  lib_mem.o(.text)
    Mem_PoolBlkGet                           0x08009a47   Thumb Code   126  lib_mem.o(.text)
    Mem_PoolBlkGetUsedAtIx                   0x08009ac5   Thumb Code   140  lib_mem.o(.text)
    Mem_PoolBlkFree                          0x08009b51   Thumb Code   152  lib_mem.o(.text)
    Mem_PoolBlkIxGet                         0x08009be9   Thumb Code   162  lib_mem.o(.text)
    Str_Len_N                                0x08009c8d   Thumb Code    28  lib_str.o(.text)
    Str_Len                                  0x08009ca9   Thumb Code    20  lib_str.o(.text)
    Str_Copy_N                               0x08009cbd   Thumb Code    70  lib_str.o(.text)
    Str_Copy                                 0x08009d03   Thumb Code    24  lib_str.o(.text)
    Str_Cat_N                                0x08009d1b   Thumb Code    90  lib_str.o(.text)
    Str_Cat                                  0x08009d75   Thumb Code    24  lib_str.o(.text)
    Str_Cmp_N                                0x08009d8d   Thumb Code   156  lib_str.o(.text)
    Str_Cmp                                  0x08009e29   Thumb Code    24  lib_str.o(.text)
    Str_CmpIgnoreCase_N                      0x08009e41   Thumb Code   264  lib_str.o(.text)
    Str_CmpIgnoreCase                        0x08009f49   Thumb Code    24  lib_str.o(.text)
    Str_Char_N                               0x08009f61   Thumb Code    74  lib_str.o(.text)
    Str_Char                                 0x08009fab   Thumb Code    24  lib_str.o(.text)
    Str_Char_Last_N                          0x08009fc3   Thumb Code    76  lib_str.o(.text)
    Str_Char_Last                            0x0800a00f   Thumb Code    24  lib_str.o(.text)
    Str_Char_Replace_N                       0x0800a027   Thumb Code    52  lib_str.o(.text)
    Str_Char_Replace                         0x0800a05b   Thumb Code    28  lib_str.o(.text)
    Str_Str_N                                0x0800a077   Thumb Code   182  lib_str.o(.text)
    Str_Str                                  0x0800a12d   Thumb Code    24  lib_str.o(.text)
    Str_FmtNbr_Int32U                        0x0800a321   Thumb Code    46  lib_str.o(.text)
    Str_FmtNbr_Int32S                        0x0800a34f   Thumb Code    62  lib_str.o(.text)
    Str_ParseNbr_Int32U                      0x0800a54b   Thumb Code    30  lib_str.o(.text)
    Str_ParseNbr_Int32S                      0x0800a569   Thumb Code    74  lib_str.o(.text)
    Mem_Copy                                 0x0800a5b9   Thumb Code     0  lib_mem_a.o(.text)
    OSCfg_Init                               0x0800a7d9   Thumb Code    86  os_cfg_app.o(.text)
    OS_IdleTask                              0x0800a8d5   Thumb Code    60  os_core.o(.text)
    OS_IdleTaskInit                          0x0800a911   Thumb Code    68  os_core.o(.text)
    OS_RdyListInit                           0x0800a955   Thumb Code    32  os_core.o(.text)
    OSInit                                   0x0800a975   Thumb Code   300  os_core.o(.text)
    OSIntEnter                               0x0800aaa1   Thumb Code    34  os_core.o(.text)
    OSIntExit                                0x0800aac3   Thumb Code   188  os_core.o(.text)
    OSSched                                  0x0800ab7f   Thumb Code   130  os_core.o(.text)
    OS_SchedLockTimeMeasStart                0x0800ac01   Thumb Code    20  os_core.o(.text)
    OSSchedLock                              0x0800ac15   Thumb Code   104  os_core.o(.text)
    OS_SchedLockTimeMeasStop                 0x0800ac7d   Thumb Code    44  os_core.o(.text)
    OSSchedUnlock                            0x0800aca9   Thumb Code   286  os_core.o(.text)
    OSSchedRoundRobinCfg                     0x0800adc7   Thumb Code    88  os_core.o(.text)
    OS_RdyListMoveHeadToTail                 0x0800ae1f   Thumb Code    68  os_core.o(.text)
    OSSchedRoundRobinYield                   0x0800ae63   Thumb Code   164  os_core.o(.text)
    OSStart                                  0x0800af07   Thumb Code    78  os_core.o(.text)
    OSVersion                                0x0800af55   Thumb Code    12  os_core.o(.text)
    OS_PendDbgNameAdd                        0x0800af61   Thumb Code    66  os_core.o(.text)
    OS_PendListInsertPrio                    0x0800afa3   Thumb Code   102  os_core.o(.text)
    OS_PendDataInit                          0x0800b009   Thumb Code    38  os_core.o(.text)
    OS_RdyListRemove                         0x0800b02f   Thumb Code    86  os_core.o(.text)
    OS_TaskBlock                             0x0800b085   Thumb Code    56  os_core.o(.text)
    OS_Pend                                  0x0800b0bd   Thumb Code    98  os_core.o(.text)
    OS_PendListRemove1                       0x0800b11f   Thumb Code   136  os_core.o(.text)
    OS_PendListRemove                        0x0800b1a7   Thumb Code    48  os_core.o(.text)
    OS_PendAbort1                            0x0800b1d7   Thumb Code    36  os_core.o(.text)
    OS_RdyListInsertHead                     0x0800b1fb   Thumb Code    58  os_core.o(.text)
    OS_RdyListInsertTail                     0x0800b235   Thumb Code    56  os_core.o(.text)
    OS_RdyListInsert                         0x0800b26d   Thumb Code    40  os_core.o(.text)
    OS_TaskRdy                               0x0800b295   Thumb Code    28  os_core.o(.text)
    OS_PendAbort                             0x0800b2b1   Thumb Code   166  os_core.o(.text)
    OS_PendDbgNameRemove                     0x0800b357   Thumb Code    34  os_core.o(.text)
    OS_PendListChangePrio                    0x0800b379   Thumb Code    70  os_core.o(.text)
    OS_PendListInit                          0x0800b3bf   Thumb Code    10  os_core.o(.text)
    OS_PendListInsertHead                    0x0800b3c9   Thumb Code    32  os_core.o(.text)
    OS_PendObjDel1                           0x0800b3e9   Thumb Code    36  os_core.o(.text)
    OS_PendObjDel                            0x0800b40d   Thumb Code   162  os_core.o(.text)
    OS_Post1                                 0x0800b4af   Thumb Code    42  os_core.o(.text)
    OS_Post                                  0x0800b4d9   Thumb Code   192  os_core.o(.text)
    OS_Sched0                                0x0800b599   Thumb Code    68  os_core.o(.text)
    OS_SchedRoundRobin                       0x0800b5dd   Thumb Code   218  os_core.o(.text)
    OS_Dbg_Init                              0x0800b6c5   Thumb Code   146  os_dbg.o(.text)
    OS_FlagDbgListAdd                        0x0800b875   Thumb Code    38  os_flag.o(.text)
    OSFlagCreate                             0x0800b89b   Thumb Code   172  os_flag.o(.text)
    OS_FlagClr                               0x0800b947   Thumb Code    28  os_flag.o(.text)
    OS_FlagDbgListRemove                     0x0800b963   Thumb Code    44  os_flag.o(.text)
    OSFlagDel                                0x0800b98f   Thumb Code   594  os_flag.o(.text)
    OS_FlagBlock                             0x0800bbe1   Thumb Code    58  os_flag.o(.text)
    OSFlagPend                               0x0800bc1b   Thumb Code  1488  os_flag.o(.text)
    OSFlagPendAbort                          0x0800c1eb   Thumb Code   292  os_flag.o(.text)
    OSFlagPendGetFlagsRdy                    0x0800c30f   Thumb Code    68  os_flag.o(.text)
    OS_FlagTaskRdy                           0x0800c353   Thumb Code    86  os_flag.o(.text)
    OS_FlagPost                              0x0800c3a9   Thumb Code   570  os_flag.o(.text)
    OSFlagPost                               0x0800c5e3   Thumb Code   146  os_flag.o(.text)
    OS_FlagInit                              0x0800c675   Thumb Code    14  os_flag.o(.text)
    OS_IntQPost                              0x0800c69d   Thumb Code   216  os_int.o(.text)
    OS_IntQRePost                            0x0800c775   Thumb Code   360  os_int.o(.text)
    OS_IntQTask                              0x0800c8dd   Thumb Code   162  os_int.o(.text)
    OS_IntQTaskInit                          0x0800c97f   Thumb Code   208  os_int.o(.text)
    OS_MemDbgListAdd                         0x0800cae1   Thumb Code    34  os_mem.o(.text)
    OSMemCreate                              0x0800cb03   Thumb Code   288  os_mem.o(.text)
    OSMemGet                                 0x0800cc23   Thumb Code   100  os_mem.o(.text)
    OSMemPut                                 0x0800cc87   Thumb Code   112  os_mem.o(.text)
    OS_MemInit                               0x0800ccf7   Thumb Code    14  os_mem.o(.text)
    OS_MsgPoolCreate                         0x0800cd19   Thumb Code    54  os_msg.o(.text)
    OS_MsgPoolInit                           0x0800cd4f   Thumb Code    70  os_msg.o(.text)
    OS_MsgQFreeAll                           0x0800cd95   Thumb Code    62  os_msg.o(.text)
    OS_MsgQInit                              0x0800cdd3   Thumb Code    14  os_msg.o(.text)
    OS_MsgQGet                               0x0800cde1   Thumb Code    98  os_msg.o(.text)
    OS_MsgQPut                               0x0800ce43   Thumb Code   246  os_msg.o(.text)
    OS_MutexDbgListAdd                       0x0800cf45   Thumb Code    38  os_mutex.o(.text)
    OSMutexCreate                            0x0800cf6b   Thumb Code   178  os_mutex.o(.text)
    OS_MutexClr                              0x0800d01d   Thumb Code    38  os_mutex.o(.text)
    OS_MutexDbgListRemove                    0x0800d043   Thumb Code    44  os_mutex.o(.text)
    OSMutexDel                               0x0800d06f   Thumb Code   842  os_mutex.o(.text)
    OSMutexPend                              0x0800d3b9   Thumb Code   706  os_mutex.o(.text)
    OSMutexPendAbort                         0x0800d67b   Thumb Code   314  os_mutex.o(.text)
    OSMutexPost                              0x0800d7b5   Thumb Code   564  os_mutex.o(.text)
    OS_MutexInit                             0x0800d9e9   Thumb Code    14  os_mutex.o(.text)
    OS_PrioInit                              0x0800da19   Thumb Code    20  os_prio.o(.text)
    OS_PrioGetHighest                        0x0800da2d   Thumb Code    36  os_prio.o(.text)
    OS_PrioInsert                            0x0800da51   Thumb Code    32  os_prio.o(.text)
    OS_PrioRemove                            0x0800da71   Thumb Code    32  os_prio.o(.text)
    OS_QDbgListAdd                           0x0800da95   Thumb Code    38  os_q.o(.text)
    OSQCreate                                0x0800dabb   Thumb Code   186  os_q.o(.text)
    OS_QClr                                  0x0800db75   Thumb Code    40  os_q.o(.text)
    OS_QDbgListRemove                        0x0800db9d   Thumb Code    44  os_q.o(.text)
    OSQDel                                   0x0800dbc9   Thumb Code   362  os_q.o(.text)
    OSQFlush                                 0x0800dd33   Thumb Code   210  os_q.o(.text)
    OSQPend                                  0x0800de05   Thumb Code   538  os_q.o(.text)
    OSQPendAbort                             0x0800e01f   Thumb Code   292  os_q.o(.text)
    OS_QPost                                 0x0800e143   Thumb Code   324  os_q.o(.text)
    OSQPost                                  0x0800e287   Thumb Code   198  os_q.o(.text)
    OS_QInit                                 0x0800e34d   Thumb Code    14  os_q.o(.text)
    OS_SemDbgListAdd                         0x0800e36d   Thumb Code    38  os_sem.o(.text)
    OSSemCreate                              0x0800e393   Thumb Code   172  os_sem.o(.text)
    OS_SemClr                                0x0800e43f   Thumb Code    28  os_sem.o(.text)
    OS_SemDbgListRemove                      0x0800e45b   Thumb Code    44  os_sem.o(.text)
    OSSemDel                                 0x0800e487   Thumb Code   362  os_sem.o(.text)
    OSSemPend                                0x0800e5f1   Thumb Code   504  os_sem.o(.text)
    OSSemPendAbort                           0x0800e7e9   Thumb Code   292  os_sem.o(.text)
    OS_SemPost                               0x0800e90d   Thumb Code   350  os_sem.o(.text)
    OSSemPost                                0x0800ea6b   Thumb Code   144  os_sem.o(.text)
    OSSemSet                                 0x0800eafb   Thumb Code   138  os_sem.o(.text)
    OS_SemInit                               0x0800eb85   Thumb Code    14  os_sem.o(.text)
    OSStatReset                              0x0800eb9d   Thumb Code   270  os_stat.o(.text)
    OSStatTaskCPUUsageInit                   0x0800ecab   Thumb Code   212  os_stat.o(.text)
    OS_StatTask                              0x0800ed7f   Thumb Code   888  os_stat.o(.text)
    OS_StatTaskInit                          0x0800f0f7   Thumb Code   138  os_stat.o(.text)
    OSTaskChangePrio                         0x0800f1d5   Thumb Code   416  os_task.o(.text)
    OS_TaskDbgListAdd                        0x0800f375   Thumb Code    42  os_task.o(.text)
    OS_TaskInitTCB                           0x0800f39f   Thumb Code   186  os_task.o(.text)
    OSTaskCreate                             0x0800f459   Thumb Code   616  os_task.o(.text)
    OS_TaskDbgListRemove                     0x0800f6c1   Thumb Code    64  os_task.o(.text)
    OSTaskDel                                0x0800f701   Thumb Code   424  os_task.o(.text)
    OSTaskQFlush                             0x0800f8a9   Thumb Code   214  os_task.o(.text)
    OSTaskQPend                              0x0800f97f   Thumb Code   554  os_task.o(.text)
    OSTaskQPendAbort                         0x0800fba9   Thumb Code   242  os_task.o(.text)
    OS_TaskQPost                             0x0800fc9b   Thumb Code   526  os_task.o(.text)
    OSTaskQPost                              0x0800fea9   Thumb Code   114  os_task.o(.text)
    OSTaskRegGet                             0x0800ff1b   Thumb Code    78  os_task.o(.text)
    OSTaskRegGetID                           0x0800ff69   Thumb Code    84  os_task.o(.text)
    OSTaskRegSet                             0x0800ffbd   Thumb Code    78  os_task.o(.text)
    OS_TaskResume                            0x0801000b   Thumb Code   314  os_task.o(.text)
    OSTaskResume                             0x08010145   Thumb Code   112  os_task.o(.text)
    OSTaskSemPend                            0x080101b5   Thumb Code   550  os_task.o(.text)
    OSTaskSemPendAbort                       0x080103db   Thumb Code   270  os_task.o(.text)
    OS_TaskSemPost                           0x080104e9   Thumb Code  1224  os_task.o(.text)
    OSTaskSemPost                            0x080109b1   Thumb Code    98  os_task.o(.text)
    OSTaskSemSet                             0x08010a13   Thumb Code    80  os_task.o(.text)
    OSTaskStkChk                             0x08010a63   Thumb Code   224  os_task.o(.text)
    OS_TaskSuspend                           0x08010b43   Thumb Code   328  os_task.o(.text)
    OSTaskSuspend                            0x08010c8b   Thumb Code    78  os_task.o(.text)
    OSTaskTimeQuantaSet                      0x08010cd9   Thumb Code    96  os_task.o(.text)
    OS_TaskInit                              0x08010d39   Thumb Code    18  os_task.o(.text)
    OS_TaskReturn                            0x08010d4b   Thumb Code    20  os_task.o(.text)
    OS_TickListRemove                        0x08010d89   Thumb Code    56  os_tick.o(.text)
    OS_TickListUpdate                        0x08010dc1   Thumb Code   480  os_tick.o(.text)
    OS_TickTask                              0x08010fa1   Thumb Code    38  os_tick.o(.text)
    OS_TickListInit                          0x08010fc7   Thumb Code    32  os_tick.o(.text)
    OS_TickTaskInit                          0x08010fe7   Thumb Code   130  os_tick.o(.text)
    OS_TickListInsert                        0x08011069   Thumb Code   502  os_tick.o(.text)
    OS_TickListResetPeak                     0x0801125f   Thumb Code    28  os_tick.o(.text)
    OSTimeDly                                0x08011285   Thumb Code   266  os_time.o(.text)
    OSTimeDlyHMSM                            0x0801138f   Thumb Code   480  os_time.o(.text)
    OSTimeDlyResume                          0x0801156f   Thumb Code   466  os_time.o(.text)
    OSTimeGet                                0x08011741   Thumb Code    46  os_time.o(.text)
    OSTimeSet                                0x0801176f   Thumb Code    46  os_time.o(.text)
    OSTimeTick                               0x0801179d   Thumb Code    54  os_time.o(.text)
    OS_TmrDbgListAdd                         0x080117e9   Thumb Code    34  os_tmr.o(.text)
    OSTmrCreate                              0x0801180b   Thumb Code   248  os_tmr.o(.text)
    OS_TmrClr                                0x08011903   Thumb Code    36  os_tmr.o(.text)
    OS_TmrUnlink                             0x08011927   Thumb Code    72  os_tmr.o(.text)
    OS_TmrDbgListRemove                      0x0801196f   Thumb Code    44  os_tmr.o(.text)
    OSTmrDel                                 0x0801199b   Thumb Code   176  os_tmr.o(.text)
    OSTmrRemainGet                           0x08011a4b   Thumb Code   184  os_tmr.o(.text)
    OS_TmrLink                               0x08011b03   Thumb Code   196  os_tmr.o(.text)
    OSTmrStart                               0x08011bc7   Thumb Code   210  os_tmr.o(.text)
    OSTmrStateGet                            0x08011c99   Thumb Code   134  os_tmr.o(.text)
    OSTmrStop                                0x08011d1f   Thumb Code   232  os_tmr.o(.text)
    OS_TmrTask                               0x08011e07   Thumb Code   176  os_tmr.o(.text)
    OS_TmrInit                               0x08011eb7   Thumb Code   208  os_tmr.o(.text)
    OS_TmrResetPeak                          0x08011f87   Thumb Code    28  os_tmr.o(.text)
    OSIdleTaskHook                           0x08012001   Thumb Code    16  os_cpu_c.o(.text)
    OSInitHook                               0x08012011   Thumb Code    28  os_cpu_c.o(.text)
    OSStatTaskHook                           0x0801202d   Thumb Code    16  os_cpu_c.o(.text)
    OSTaskCreateHook                         0x0801203d   Thumb Code    20  os_cpu_c.o(.text)
    OSTaskDelHook                            0x08012051   Thumb Code    20  os_cpu_c.o(.text)
    OSTaskReturnHook                         0x08012065   Thumb Code    20  os_cpu_c.o(.text)
    OSTaskStkInit                            0x08012079   Thumb Code   600  os_cpu_c.o(.text)
    OSTaskSwHook                             0x080122d1   Thumb Code   120  os_cpu_c.o(.text)
    OSTimeTickHook                           0x08012349   Thumb Code    16  os_cpu_c.o(.text)
    OS_CPU_SysTickHandler                    0x08012359   Thumb Code    52  os_cpu_c.o(.text)
    OS_CPU_SysTickInit                       0x0801238d   Thumb Code    44  os_cpu_c.o(.text)
    Yaw_Angle_Precision_Filter               0x080123f9   Thumb Code   132  canbustask.o(.text)
    Pitch_Angle_Precision_Filter             0x0801247d   Thumb Code   132  canbustask.o(.text)
    GetEncoderBias                           0x08012501   Thumb Code    26  canbustask.o(.text)
    EncoderProcess                           0x0801251b   Thumb Code   288  canbustask.o(.text)
    CanReceiveMsgProcess                     0x0801263b   Thumb Code   260  canbustask.o(.text)
    Set_CM_Speed                             0x0801273f   Thumb Code    92  canbustask.o(.text)
    Set_Gimbal_Current                       0x0801279b   Thumb Code   158  canbustask.o(.text)
    Get_Mode_Data                            0x08012839   Thumb Code     8  remotetask.o(.text)
    Get_ch0_Data                             0x08012841   Thumb Code     8  remotetask.o(.text)
    Get_ch1_Data                             0x08012849   Thumb Code     8  remotetask.o(.text)
    Get_ch2_Data                             0x08012851   Thumb Code     8  remotetask.o(.text)
    Get_ch3_Data                             0x08012859   Thumb Code     8  remotetask.o(.text)
    Get_Mouse_X_Data                         0x08012861   Thumb Code     8  remotetask.o(.text)
    Get_Mouse_Y_Data                         0x08012869   Thumb Code     8  remotetask.o(.text)
    RC_Ctl_t_Init                            0x08012871   Thumb Code    56  remotetask.o(.text)
    RemoteDataProcess                        0x080128a9   Thumb Code   156  remotetask.o(.text)
    Chassis_And_Gimbal_Data_Init             0x08012949   Thumb Code   178  pidcontroltask.o(.text)
    PID_Init                                 0x080129fb   Thumb Code   272  pidcontroltask.o(.text)
    Set_Gimbal_Motor_Output                  0x08012b0b   Thumb Code    42  pidcontroltask.o(.text)
    Gimbal_RC_Mode                           0x08012b35   Thumb Code   310  pidcontroltask.o(.text)
    PID_calculate_position_self              0x08012c6b   Thumb Code   980  pidcontroltask.o(.text)
    YUNTAI_SPEED                             0x0801303f   Thumb Code    12  pidcontroltask.o(.text)
    PID_calculate_speed_self                 0x0801304b   Thumb Code   812  pidcontroltask.o(.text)
    PID_calculate_chassis_self               0x08013377   Thumb Code  2062  pidcontroltask.o(.text)
    task1_task                               0x08013ba9   Thumb Code    78  starttask.o(.text)
    tmr1_callback                            0x08013bf7   Thumb Code     2  starttask.o(.text)
    start_task                               0x08013bf9   Thumb Code   254  starttask.o(.text)
    Yuntai_angle_speed                       0x08013d21   Thumb Code   868  dataprocessingtask.o(.text)
    RampInit                                 0x080140c5   Thumb Code     8  ramp.o(.text)
    RampCalc                                 0x080140cd   Thumb Code    66  ramp.o(.text)
    RampSetCounter                           0x0801410f   Thumb Code     4  ramp.o(.text)
    RampResetCounter                         0x08014113   Thumb Code     6  ramp.o(.text)
    RampSetScale                             0x08014119   Thumb Code     4  ramp.o(.text)
    RampIsOverflow                           0x0801411d   Thumb Code    18  ramp.o(.text)
    __use_no_semihosting                     0x08014135   Thumb Code     2  use_no_semi_2.o(.text)
    __aeabi_uldivmod                         0x08014137   Thumb Code     0  lludivv7m.o(.text)
    _ll_udiv                                 0x08014137   Thumb Code   238  lludivv7m.o(.text)
    __2sprintf                               0x08014225   Thumb Code    34  noretval__2sprintf.o(.text)
    _printf_pre_padding                      0x0801424d   Thumb Code    44  _printf_pad.o(.text)
    _printf_post_padding                     0x08014279   Thumb Code    34  _printf_pad.o(.text)
    _printf_int_dec                          0x0801429d   Thumb Code   104  _printf_dec.o(.text)
    __printf                                 0x08014315   Thumb Code   270  __printf_wp.o(.text)
    __use_two_region_memory                  0x08014423   Thumb Code     2  heapauxi.o(.text)
    __rt_heap_escrow$2region                 0x08014425   Thumb Code     2  heapauxi.o(.text)
    __rt_heap_expand$2region                 0x08014427   Thumb Code     2  heapauxi.o(.text)
    __I$use$semihosting                      0x08014429   Thumb Code     0  use_no_semi.o(.text)
    __use_no_semihosting_swi                 0x08014429   Thumb Code     2  use_no_semi.o(.text)
    _printf_int_common                       0x0801442b   Thumb Code   178  _printf_intcommon.o(.text)
    _printf_char_common                      0x080144e7   Thumb Code    32  _printf_char_common.o(.text)
    _sputc                                   0x0801450d   Thumb Code    10  _sputc.o(.text)
    __user_setup_stackheap                   0x08014517   Thumb Code    74  sys_stackheap_outer.o(.text)
    exit                                     0x08014561   Thumb Code    18  exit.o(.text)
    __user_libspace                          0x08014575   Thumb Code     8  libspace.o(.text)
    __user_perproc_libspace                  0x08014575   Thumb Code     0  libspace.o(.text)
    __user_perthread_libspace                0x08014575   Thumb Code     0  libspace.o(.text)
    OSStartHighRdy                           0x0801457d   Thumb Code     0  os_cpu_a.o(CODE)
    OSCtxSw                                  0x0801459f   Thumb Code     0  os_cpu_a.o(CODE)
    OSIntCtxSw                               0x080145a9   Thumb Code     0  os_cpu_a.o(CODE)
    PendSV_Handler                           0x080145b3   Thumb Code     0  os_cpu_a.o(CODE)
    __hardfp_fabs                            0x08014629   Thumb Code    20  fabs.o(i.__hardfp_fabs)
    _is_digit                                0x0801463d   Thumb Code    14  __printf_wp.o(i._is_digit)
    __aeabi_d2f                              0x0801464d   Thumb Code     0  d2f.o(x$fpl$d2f)
    _d2f                                     0x0801464d   Thumb Code    98  d2f.o(x$fpl$d2f)
    __aeabi_dadd                             0x080146b1   Thumb Code     0  daddsub_clz.o(x$fpl$dadd)
    _dadd                                    0x080146b1   Thumb Code   332  daddsub_clz.o(x$fpl$dadd)
    __fpl_dcmp_Inf                           0x08014801   Thumb Code    24  dcmpi.o(x$fpl$dcmpinf)
    __aeabi_ddiv                             0x08014819   Thumb Code     0  ddiv.o(x$fpl$ddiv)
    _ddiv                                    0x08014819   Thumb Code   552  ddiv.o(x$fpl$ddiv)
    __aeabi_d2uiz                            0x08014ac9   Thumb Code     0  dfixu.o(x$fpl$dfixu)
    _dfixu                                   0x08014ac9   Thumb Code    90  dfixu.o(x$fpl$dfixu)
    __aeabi_ui2d                             0x08014b23   Thumb Code     0  dflt_clz.o(x$fpl$dfltu)
    _dfltu                                   0x08014b23   Thumb Code    38  dflt_clz.o(x$fpl$dfltu)
    __aeabi_cdcmple                          0x08014b49   Thumb Code     0  dleqf.o(x$fpl$dleqf)
    _dcmple                                  0x08014b49   Thumb Code   120  dleqf.o(x$fpl$dleqf)
    __fpl_dcmple_InfNaN                      0x08014bab   Thumb Code     0  dleqf.o(x$fpl$dleqf)
    __aeabi_dmul                             0x08014bc1   Thumb Code     0  dmul.o(x$fpl$dmul)
    _dmul                                    0x08014bc1   Thumb Code   332  dmul.o(x$fpl$dmul)
    __fpl_dnaninf                            0x08014d15   Thumb Code   156  dnaninf.o(x$fpl$dnaninf)
    __fpl_dretinf                            0x08014db1   Thumb Code    12  dretinf.o(x$fpl$dretinf)
    __aeabi_cdrcmple                         0x08014dbd   Thumb Code     0  drleqf.o(x$fpl$drleqf)
    _drcmple                                 0x08014dbd   Thumb Code   108  drleqf.o(x$fpl$drleqf)
    __aeabi_drsub                            0x08014e29   Thumb Code     0  daddsub_clz.o(x$fpl$drsb)
    _drsb                                    0x08014e29   Thumb Code    22  daddsub_clz.o(x$fpl$drsb)
    __aeabi_dsub                             0x08014e41   Thumb Code     0  daddsub_clz.o(x$fpl$dsub)
    _dsub                                    0x08014e41   Thumb Code   464  daddsub_clz.o(x$fpl$dsub)
    __aeabi_f2d                              0x08015015   Thumb Code     0  f2d.o(x$fpl$f2d)
    _f2d                                     0x08015015   Thumb Code    86  f2d.o(x$fpl$f2d)
    __fpl_fnaninf                            0x0801506b   Thumb Code   140  fnaninf.o(x$fpl$fnaninf)
    _fp_init                                 0x080150f7   Thumb Code    10  fpinit.o(x$fpl$fpinit)
    __fplib_config_fpu_vfp                   0x080150ff   Thumb Code     0  fpinit.o(x$fpl$fpinit)
    __fplib_config_pureend_doubles           0x080150ff   Thumb Code     0  fpinit.o(x$fpl$fpinit)
    __fpl_fretinf                            0x08015101   Thumb Code    10  fretinf.o(x$fpl$fretinf)
    __I$use$fp                               0x0801510a   Number         0  usenofp.o(x$fpl$usenofp)
    FSMC_DefaultTimingStruct                 0x0801510c   Data          28  stm32f4xx_fsmc.o(.constdata)
    asc2_1206                                0x08015128   Data        1140  lcd.o(.constdata)
    asc2_1608                                0x0801559c   Data        1520  lcd.o(.constdata)
    asc2_2412                                0x08015b8c   Data        3420  lcd.o(.constdata)
    CPU_EndiannessTest                       0x080169e8   Data           4  cpu_core.o(.constdata)
    OSCfg_IdleTaskStkBasePtr                 0x08016a80   Data           4  os_cfg_app.o(.constdata)
    OSCfg_IdleTaskStkLimit                   0x08016a84   Data           4  os_cfg_app.o(.constdata)
    OSCfg_IdleTaskStkSize                    0x08016a88   Data           4  os_cfg_app.o(.constdata)
    OSCfg_IdleTaskStkSizeRAM                 0x08016a8c   Data           4  os_cfg_app.o(.constdata)
    OSCfg_IntQBasePtr                        0x08016a90   Data           4  os_cfg_app.o(.constdata)
    OSCfg_IntQSize                           0x08016a94   Data           2  os_cfg_app.o(.constdata)
    OSCfg_IntQSizeRAM                        0x08016a98   Data           4  os_cfg_app.o(.constdata)
    OSCfg_IntQTaskStkBasePtr                 0x08016a9c   Data           4  os_cfg_app.o(.constdata)
    OSCfg_IntQTaskStkLimit                   0x08016aa0   Data           4  os_cfg_app.o(.constdata)
    OSCfg_IntQTaskStkSize                    0x08016aa4   Data           4  os_cfg_app.o(.constdata)
    OSCfg_IntQTaskStkSizeRAM                 0x08016aa8   Data           4  os_cfg_app.o(.constdata)
    OSCfg_ISRStkBasePtr                      0x08016aac   Data           4  os_cfg_app.o(.constdata)
    OSCfg_ISRStkSize                         0x08016ab0   Data           4  os_cfg_app.o(.constdata)
    OSCfg_ISRStkSizeRAM                      0x08016ab4   Data           4  os_cfg_app.o(.constdata)
    OSCfg_MsgPoolSize                        0x08016ab8   Data           2  os_cfg_app.o(.constdata)
    OSCfg_MsgPoolSizeRAM                     0x08016abc   Data           4  os_cfg_app.o(.constdata)
    OSCfg_MsgPoolBasePtr                     0x08016ac0   Data           4  os_cfg_app.o(.constdata)
    OSCfg_StatTaskPrio                       0x08016ac4   Data           1  os_cfg_app.o(.constdata)
    OSCfg_StatTaskRate_Hz                    0x08016ac8   Data           4  os_cfg_app.o(.constdata)
    OSCfg_StatTaskStkBasePtr                 0x08016acc   Data           4  os_cfg_app.o(.constdata)
    OSCfg_StatTaskStkLimit                   0x08016ad0   Data           4  os_cfg_app.o(.constdata)
    OSCfg_StatTaskStkSize                    0x08016ad4   Data           4  os_cfg_app.o(.constdata)
    OSCfg_StatTaskStkSizeRAM                 0x08016ad8   Data           4  os_cfg_app.o(.constdata)
    OSCfg_StkSizeMin                         0x08016adc   Data           4  os_cfg_app.o(.constdata)
    OSCfg_TickRate_Hz                        0x08016ae0   Data           4  os_cfg_app.o(.constdata)
    OSCfg_TickTaskPrio                       0x08016ae4   Data           1  os_cfg_app.o(.constdata)
    OSCfg_TickTaskStkBasePtr                 0x08016ae8   Data           4  os_cfg_app.o(.constdata)
    OSCfg_TickTaskStkLimit                   0x08016aec   Data           4  os_cfg_app.o(.constdata)
    OSCfg_TickTaskStkSize                    0x08016af0   Data           4  os_cfg_app.o(.constdata)
    OSCfg_TickTaskStkSizeRAM                 0x08016af4   Data           4  os_cfg_app.o(.constdata)
    OSCfg_TickWheelSize                      0x08016af8   Data           2  os_cfg_app.o(.constdata)
    OSCfg_TickWheelSizeRAM                   0x08016afc   Data           4  os_cfg_app.o(.constdata)
    OSCfg_TmrTaskPrio                        0x08016b00   Data           1  os_cfg_app.o(.constdata)
    OSCfg_TmrTaskRate_Hz                     0x08016b04   Data           4  os_cfg_app.o(.constdata)
    OSCfg_TmrTaskStkBasePtr                  0x08016b08   Data           4  os_cfg_app.o(.constdata)
    OSCfg_TmrTaskStkLimit                    0x08016b0c   Data           4  os_cfg_app.o(.constdata)
    OSCfg_TmrTaskStkSize                     0x08016b10   Data           4  os_cfg_app.o(.constdata)
    OSCfg_TmrTaskStkSizeRAM                  0x08016b14   Data           4  os_cfg_app.o(.constdata)
    OSCfg_TmrWheelSize                       0x08016b18   Data           2  os_cfg_app.o(.constdata)
    OSCfg_TmrWheelSizeRAM                    0x08016b1c   Data           4  os_cfg_app.o(.constdata)
    OSCfg_DataSizeRAM                        0x08016b20   Data           4  os_cfg_app.o(.constdata)
    OSDbg_DbgEn                              0x08016b24   Data           2  os_dbg.o(.constdata)
    OSDbg_ArgChkEn                           0x08016b26   Data           1  os_dbg.o(.constdata)
    OSDbg_AppHooksEn                         0x08016b27   Data           1  os_dbg.o(.constdata)
    OSDbg_EndiannessTest                     0x08016b28   Data           4  os_dbg.o(.constdata)
    OSDbg_CalledFromISRChkEn                 0x08016b2c   Data           1  os_dbg.o(.constdata)
    OSDbg_FlagEn                             0x08016b2d   Data           1  os_dbg.o(.constdata)
    OSDbg_FlagGrp                            0x08016b30   Data          40  os_dbg.o(.constdata)
    OSDbg_FlagDelEn                          0x08016b58   Data           1  os_dbg.o(.constdata)
    OSDbg_FlagModeClrEn                      0x08016b59   Data           1  os_dbg.o(.constdata)
    OSDbg_FlagPendAbortEn                    0x08016b5a   Data           1  os_dbg.o(.constdata)
    OSDbg_FlagGrpSize                        0x08016b5c   Data           2  os_dbg.o(.constdata)
    OSDbg_FlagWidth                          0x08016b5e   Data           2  os_dbg.o(.constdata)
    OSDbg_IntQ                               0x08016b60   Data           2  os_dbg.o(.constdata)
    OSDbg_ISRPostDeferredEn                  0x08016b62   Data           1  os_dbg.o(.constdata)
    OSDbg_Mem                                0x08016b64   Data          32  os_dbg.o(.constdata)
    OSDbg_MemEn                              0x08016b84   Data           1  os_dbg.o(.constdata)
    OSDbg_MemSize                            0x08016b86   Data           2  os_dbg.o(.constdata)
    OSDbg_MsgEn                              0x08016b88   Data           1  os_dbg.o(.constdata)
    OSDbg_MsgSize                            0x08016b8a   Data           2  os_dbg.o(.constdata)
    OSDbg_MsgPoolSize                        0x08016b8c   Data           2  os_dbg.o(.constdata)
    OSDbg_MsgQSize                           0x08016b8e   Data           2  os_dbg.o(.constdata)
    OSDbg_Mutex                              0x08016b90   Data          44  os_dbg.o(.constdata)
    OSDbg_MutexEn                            0x08016bbc   Data           1  os_dbg.o(.constdata)
    OSDbg_MutexDelEn                         0x08016bbd   Data           1  os_dbg.o(.constdata)
    OSDbg_MutexPendAbortEn                   0x08016bbe   Data           1  os_dbg.o(.constdata)
    OSDbg_MutexSize                          0x08016bc0   Data           2  os_dbg.o(.constdata)
    OSDbg_ObjTypeChkEn                       0x08016bc2   Data           1  os_dbg.o(.constdata)
    OSDbg_PendMultiEn                        0x08016bc3   Data           1  os_dbg.o(.constdata)
    OSDbg_PendDataSize                       0x08016bc4   Data           2  os_dbg.o(.constdata)
    OSDbg_PendListSize                       0x08016bc6   Data           2  os_dbg.o(.constdata)
    OSDbg_PendObjSize                        0x08016bc8   Data           2  os_dbg.o(.constdata)
    OSDbg_PrioMax                            0x08016bca   Data           2  os_dbg.o(.constdata)
    OSDbg_PrioTblSize                        0x08016bcc   Data           2  os_dbg.o(.constdata)
    OSDbg_PtrSize                            0x08016bce   Data           2  os_dbg.o(.constdata)
    OSDbg_Q                                  0x08016bd0   Data          48  os_dbg.o(.constdata)
    OSDbg_QEn                                0x08016c00   Data           1  os_dbg.o(.constdata)
    OSDbg_QDelEn                             0x08016c01   Data           1  os_dbg.o(.constdata)
    OSDbg_QFlushEn                           0x08016c02   Data           1  os_dbg.o(.constdata)
    OSDbg_QPendAbortEn                       0x08016c03   Data           1  os_dbg.o(.constdata)
    OSDbg_QSize                              0x08016c04   Data           2  os_dbg.o(.constdata)
    OSDbg_SchedRoundRobinEn                  0x08016c06   Data           1  os_dbg.o(.constdata)
    OSDbg_Sem                                0x08016c08   Data          40  os_dbg.o(.constdata)
    OSDbg_SemEn                              0x08016c30   Data           1  os_dbg.o(.constdata)
    OSDbg_SemDelEn                           0x08016c31   Data           1  os_dbg.o(.constdata)
    OSDbg_SemPendAbortEn                     0x08016c32   Data           1  os_dbg.o(.constdata)
    OSDbg_SemSetEn                           0x08016c33   Data           1  os_dbg.o(.constdata)
    OSDbg_SemSize                            0x08016c34   Data           2  os_dbg.o(.constdata)
    OSDbg_RdyList                            0x08016c36   Data           2  os_dbg.o(.constdata)
    OSDbg_RdyListSize                        0x08016c38   Data           4  os_dbg.o(.constdata)
    OSDbg_StkWidth                           0x08016c3c   Data           1  os_dbg.o(.constdata)
    OSDbg_StatTaskEn                         0x08016c3d   Data           1  os_dbg.o(.constdata)
    OSDbg_StatTaskStkChkEn                   0x08016c3e   Data           1  os_dbg.o(.constdata)
    OSDbg_TaskChangePrioEn                   0x08016c3f   Data           1  os_dbg.o(.constdata)
    OSDbg_TaskDelEn                          0x08016c40   Data           1  os_dbg.o(.constdata)
    OSDbg_TaskQEn                            0x08016c41   Data           1  os_dbg.o(.constdata)
    OSDbg_TaskQPendAbortEn                   0x08016c42   Data           1  os_dbg.o(.constdata)
    OSDbg_TaskProfileEn                      0x08016c43   Data           1  os_dbg.o(.constdata)
    OSDbg_TaskRegTblSize                     0x08016c44   Data           2  os_dbg.o(.constdata)
    OSDbg_TaskSemPendAbortEn                 0x08016c46   Data           1  os_dbg.o(.constdata)
    OSDbg_TaskSuspendEn                      0x08016c47   Data           1  os_dbg.o(.constdata)
    OSDbg_TCBSize                            0x08016c48   Data           2  os_dbg.o(.constdata)
    OSDbg_TickSpokeSize                      0x08016c4a   Data           2  os_dbg.o(.constdata)
    OSDbg_TimeDlyHMSMEn                      0x08016c4c   Data           1  os_dbg.o(.constdata)
    OSDbg_TimeDlyResumeEn                    0x08016c4d   Data           1  os_dbg.o(.constdata)
    OSDbg_TLS_TblSize                        0x08016c4e   Data           2  os_dbg.o(.constdata)
    OSDbg_Tmr                                0x08016c50   Data          52  os_dbg.o(.constdata)
    OSDbg_TmrEn                              0x08016c84   Data           1  os_dbg.o(.constdata)
    OSDbg_TmrDelEn                           0x08016c85   Data           1  os_dbg.o(.constdata)
    OSDbg_TmrSize                            0x08016c86   Data           2  os_dbg.o(.constdata)
    OSDbg_TmrSpokeSize                       0x08016c88   Data           2  os_dbg.o(.constdata)
    OSDbg_VersionNbr                         0x08016c8a   Data           2  os_dbg.o(.constdata)
    OSDbg_DataSize                           0x08016c8c   Data           4  os_dbg.o(.constdata)
    Region$$Table$$Base                      0x08016c90   Number         0  anon$$obj.o(Region$$Table)
    Region$$Table$$Limit                     0x08016cb0   Number         0  anon$$obj.o(Region$$Table)
    SystemCoreClock                          0x20000000   Data           4  system_stm32f4xx.o(.data)
    AHBPrescTable                            0x20000004   Data          16  system_stm32f4xx.o(.data)
    __stdout                                 0x20000028   Data           4  usart.o(.data)
    USART_RX_STA                             0x2000002c   Data           2  usart.o(.data)
    POINT_COLOR                              0x2000002e   Data           2  lcd.o(.data)
    BACK_COLOR                               0x20000030   Data           2  lcd.o(.data)
    USART3_RX_STA                            0x20000032   Data           2  usart3.o(.data)
    CPU_TS_TmrFreq_Hz                        0x20000034   Data           4  cpu_core.o(.data)
    Mem_PoolTbl                              0x20000038   Data           4  lib_mem.o(.data)
    OSPrioTbl                                0x2000003c   Data           8  os_prio.o(.data)
    OS_AppTaskCreateHookPtr                  0x20000044   Data           4  os_var.o(.data)
    OS_AppTaskDelHookPtr                     0x20000048   Data           4  os_var.o(.data)
    OS_AppTaskReturnHookPtr                  0x2000004c   Data           4  os_var.o(.data)
    OS_AppIdleTaskHookPtr                    0x20000050   Data           4  os_var.o(.data)
    OS_AppStatTaskHookPtr                    0x20000054   Data           4  os_var.o(.data)
    OS_AppTaskSwHookPtr                      0x20000058   Data           4  os_var.o(.data)
    OS_AppTimeTickHookPtr                    0x2000005c   Data           4  os_var.o(.data)
    OSIdleTaskCtr                            0x20000060   Data           4  os_var.o(.data)
    OSIntNestingCtr                          0x20000064   Data           1  os_var.o(.data)
    OSRunning                                0x20000065   Data           1  os_var.o(.data)
    OSIntQInPtr                              0x20000068   Data           4  os_var.o(.data)
    OSIntQOutPtr                             0x2000006c   Data           4  os_var.o(.data)
    OSIntQNbrEntries                         0x20000070   Data           2  os_var.o(.data)
    OSIntQNbrEntriesMax                      0x20000072   Data           2  os_var.o(.data)
    OSIntQOvfCtr                             0x20000074   Data           2  os_var.o(.data)
    OSIntQTaskTimeMax                        0x20000078   Data           4  os_var.o(.data)
    OSFlagDbgListPtr                         0x2000007c   Data           4  os_var.o(.data)
    OSFlagQty                                0x20000080   Data           2  os_var.o(.data)
    OSMemDbgListPtr                          0x20000084   Data           4  os_var.o(.data)
    OSMemQty                                 0x20000088   Data           2  os_var.o(.data)
    OSMutexDbgListPtr                        0x2000008c   Data           4  os_var.o(.data)
    OSMutexQty                               0x20000090   Data           2  os_var.o(.data)
    OSPrioCur                                0x20000092   Data           1  os_var.o(.data)
    OSPrioHighRdy                            0x20000093   Data           1  os_var.o(.data)
    OSPrioSaved                              0x20000094   Data           1  os_var.o(.data)
    OSQDbgListPtr                            0x20000098   Data           4  os_var.o(.data)
    OSQQty                                   0x2000009c   Data           2  os_var.o(.data)
    OSSchedLockTimeBegin                     0x200000a0   Data           4  os_var.o(.data)
    OSSchedLockTimeMax                       0x200000a4   Data           4  os_var.o(.data)
    OSSchedLockTimeMaxCur                    0x200000a8   Data           4  os_var.o(.data)
    OSSchedLockNestingCtr                    0x200000ac   Data           1  os_var.o(.data)
    OSSchedRoundRobinDfltTimeQuanta          0x200000b0   Data           4  os_var.o(.data)
    OSSchedRoundRobinEn                      0x200000b4   Data           1  os_var.o(.data)
    OSSemDbgListPtr                          0x200000b8   Data           4  os_var.o(.data)
    OSSemQty                                 0x200000bc   Data           2  os_var.o(.data)
    OSStatResetFlag                          0x200000be   Data           1  os_var.o(.data)
    OSStatTaskCPUUsage                       0x200000c0   Data           2  os_var.o(.data)
    OSStatTaskCPUUsageMax                    0x200000c2   Data           2  os_var.o(.data)
    OSStatTaskCtr                            0x200000c4   Data           4  os_var.o(.data)
    OSStatTaskCtrMax                         0x200000c8   Data           4  os_var.o(.data)
    OSStatTaskCtrRun                         0x200000cc   Data           4  os_var.o(.data)
    OSStatTaskRdy                            0x200000d0   Data           1  os_var.o(.data)
    OSStatTaskTimeMax                        0x200000d4   Data           4  os_var.o(.data)
    OSTaskCtxSwCtr                           0x200000d8   Data           4  os_var.o(.data)
    OSTaskDbgListPtr                         0x200000dc   Data           4  os_var.o(.data)
    OSTaskQty                                0x200000e0   Data           2  os_var.o(.data)
    OSTaskRegNextAvailID                     0x200000e2   Data           1  os_var.o(.data)
    OSTickCtr                                0x200000e4   Data           4  os_var.o(.data)
    OSTickTaskTimeMax                        0x200000e8   Data           4  os_var.o(.data)
    OSTmrDbgListPtr                          0x200000ec   Data           4  os_var.o(.data)
    OSTmrQty                                 0x200000f0   Data           2  os_var.o(.data)
    OSTmrTaskTimeMax                         0x200000f4   Data           4  os_var.o(.data)
    OSTmrTickCtr                             0x200000f8   Data           4  os_var.o(.data)
    OSTmrUpdateCnt                           0x200000fc   Data           4  os_var.o(.data)
    OSTmrUpdateCtr                           0x20000100   Data           4  os_var.o(.data)
    OSTCBCurPtr                              0x20000104   Data           4  os_var.o(.data)
    OSTCBHighRdyPtr                          0x20000108   Data           4  os_var.o(.data)
    OS_CPU_ExceptStkBase                     0x2000010c   Data           4  os_cpu_c.o(.data)
    ZGyroModuleAngle                         0x20000114   Data           4  canbustask.o(.data)
    GMPitchRamp                              0x20000128   Data          36  pidcontroltask.o(.data)
    GMYawRamp                                0x2000014c   Data          36  pidcontroltask.o(.data)
    PID_pitchPosition_value                  0x20000170   Data           8  pidcontroltask.o(.data)
    PID_yawPosition_value                    0x20000178   Data           8  pidcontroltask.o(.data)
    PID_pitchSpeed_value                     0x20000180   Data           8  pidcontroltask.o(.data)
    PID_yawSpeed_value                       0x20000188   Data           8  pidcontroltask.o(.data)
    PID_CM1_value                            0x20000190   Data           8  pidcontroltask.o(.data)
    PID_CM2_value                            0x20000198   Data           8  pidcontroltask.o(.data)
    PID_CM3_value                            0x200001a0   Data           8  pidcontroltask.o(.data)
    PID_CM4_value                            0x200001a8   Data           8  pidcontroltask.o(.data)
    PID_pitch_Position_out                   0x200001b0   Data           4  pidcontroltask.o(.data)
    PID_yaw_Position_out                     0x200001b4   Data           4  pidcontroltask.o(.data)
    PID_pitch_Speed_out                      0x200001b8   Data           4  pidcontroltask.o(.data)
    PID_yaw_Speed_out                        0x200001bc   Data           4  pidcontroltask.o(.data)
    PID_CM1_out                              0x200001c0   Data           4  pidcontroltask.o(.data)
    PID_CM2_out                              0x200001c4   Data           4  pidcontroltask.o(.data)
    PID_CM3_out                              0x200001c8   Data           4  pidcontroltask.o(.data)
    PID_CM4_out                              0x200001cc   Data           4  pidcontroltask.o(.data)
    StartTaskTCB                             0x20000208   Data         196  main.o(.bss)
    START_TASK_STK                           0x200002cc   Data        2048  main.o(.bss)
    DataScope_OutPut_Buffer                  0x20000acc   Data          42  sprintf.o(.bss)
    USART_RX_BUF                             0x20000af6   Data         200  usart.o(.bss)
    lcddev                                   0x20000bbe   Data          14  lcd.o(.bss)
    sbus_rx_buffer                           0x20000bcc   Data          25  usart2.o(.bss)
    USART3_RX_BUF                            0x20000be5   Data         200  usart3.o(.bss)
    CPU_Name                                 0x20000cad   Data          16  cpu_core.o(.bss)
    Mem_PoolHeap                             0x20000cc0   Data          72  lib_mem.o(.bss)
    Mem_Heap                                 0x20000d08   Data        1024  lib_mem.o(.bss)
    OSCfg_IdleTaskStk                        0x20001108   Data         512  os_cfg_app.o(.bss)
    OSCfg_IntQ                               0x20001308   Data         320  os_cfg_app.o(.bss)
    OSCfg_IntQTaskStk                        0x20001448   Data         512  os_cfg_app.o(.bss)
    OSCfg_ISRStk                             0x20001648   Data         512  os_cfg_app.o(.bss)
    OSCfg_MsgPool                            0x20001848   Data        1600  os_cfg_app.o(.bss)
    OSCfg_StatTaskStk                        0x20001e88   Data         512  os_cfg_app.o(.bss)
    OSCfg_TickTaskStk                        0x20002088   Data         512  os_cfg_app.o(.bss)
    OSCfg_TickWheel                          0x20002288   Data         136  os_cfg_app.o(.bss)
    OSCfg_TmrTaskStk                         0x20002310   Data         512  os_cfg_app.o(.bss)
    OSCfg_TmrWheel                           0x20002510   Data         136  os_cfg_app.o(.bss)
    OSIdleTaskTCB                            0x20002598   Data         196  os_var.o(.bss)
    OSIntQTaskTCB                            0x2000265c   Data         196  os_var.o(.bss)
    OSMsgPool                                0x20002720   Data          12  os_var.o(.bss)
    OSRdyList                                0x2000272c   Data         768  os_var.o(.bss)
    OSStatTaskTCB                            0x20002a2c   Data         196  os_var.o(.bss)
    OSTickTaskTCB                            0x20002af0   Data         196  os_var.o(.bss)
    OSTmrTaskTCB                             0x20002bb4   Data         196  os_var.o(.bss)
    CM1Encoder                               0x20002c78   Data          72  canbustask.o(.bss)
    CM2Encoder                               0x20002cc0   Data          72  canbustask.o(.bss)
    CM3Encoder                               0x20002d08   Data          72  canbustask.o(.bss)
    CM4Encoder                               0x20002d50   Data          72  canbustask.o(.bss)
    GMYawEncoder                             0x20002d98   Data          72  canbustask.o(.bss)
    GMPitchEncoder                           0x20002de0   Data          72  canbustask.o(.bss)
    RC_Ctl                                   0x20002e28   Data          22  remotetask.o(.bss)
    gimbal_ref                               0x20002e40   Data          32  pidcontroltask.o(.bss)
    Position_pitchPID                        0x20002e60   Data          24  pidcontroltask.o(.bss)
    Position_yawPID                          0x20002e78   Data          24  pidcontroltask.o(.bss)
    Speed_pitchPID                           0x20002e90   Data          24  pidcontroltask.o(.bss)
    Speed_yawPID                             0x20002ea8   Data          24  pidcontroltask.o(.bss)
    CM1PID                                   0x20002ec0   Data          24  pidcontroltask.o(.bss)
    CM2PID                                   0x20002ed8   Data          24  pidcontroltask.o(.bss)
    CM3PID                                   0x20002ef0   Data          24  pidcontroltask.o(.bss)
    CM4PID                                   0x20002f08   Data          24  pidcontroltask.o(.bss)
    PID_Angle_Speed                          0x20002f20   Data          16  pidcontroltask.o(.bss)
    Task1_TaskTCB                            0x20002f30   Data         196  starttask.o(.bss)
    TASK1_TASK_STK                           0x20002ff4   Data        1024  starttask.o(.bss)
    Sprintf_TaskTCB                          0x200033f4   Data         196  starttask.o(.bss)
    SPRINTF_TASK_STK                         0x200034b8   Data        1024  starttask.o(.bss)
    tmr1                                     0x200038b8   Data          52  starttask.o(.bss)
    __libspace_start                         0x2000393c   Data          96  libspace.o(.bss)
    __temporary_stack_top$libspace           0x2000399c   Data           0  libspace.o(.bss)



==============================================================================

Memory Map of the image

  Image Entry point : 0x08000189

  Load Region LR_IROM1 (Base: 0x08000000, Size: 0x00016eb8, Max: 0x00100000, ABSOLUTE, COMPRESSED[0x00016ce8])

    Execution Region ER_IROM1 (Exec base: 0x08000000, Load base: 0x08000000, Size: 0x00016cb0, Max: 0x00100000, ABSOLUTE)

    Exec Addr    Load Addr    Size         Type   Attr      Idx    E Section Name        Object

    0x08000000   0x08000000   0x00000188   Data   RO          449    RESET               startup_stm32f40_41xxx.o
    0x08000188   0x08000188   0x00000008   Code   RO         2141  * !!!main             c_w.l(__main.o)
    0x08000190   0x08000190   0x00000034   Code   RO         2364    !!!scatter          c_w.l(__scatter.o)
    0x080001c4   0x080001c4   0x0000005a   Code   RO         2362    !!dczerorl2         c_w.l(__dczerorl2.o)
    0x0800021e   0x0800021e   0x00000002   PAD
    0x08000220   0x08000220   0x0000001c   Code   RO         2366    !!handler_zi        c_w.l(__scatter_zi.o)
    0x0800023c   0x0800023c   0x00000000   Code   RO         2138    .ARM.Collect$$_printf_percent$$00000000  c_w.l(_printf_percent.o)
    0x0800023c   0x0800023c   0x00000006   Code   RO         2137    .ARM.Collect$$_printf_percent$$00000009  c_w.l(_printf_d.o)
    0x08000242   0x08000242   0x00000004   Code   RO         2192    .ARM.Collect$$_printf_percent$$00000017  c_w.l(_printf_percent_end.o)
    0x08000246   0x08000246   0x00000002   Code   RO         2236    .ARM.Collect$$libinit$$00000000  c_w.l(libinit.o)
    0x08000248   0x08000248   0x00000004   Code   RO         2248    .ARM.Collect$$libinit$$00000001  c_w.l(libinit2.o)
    0x0800024c   0x0800024c   0x00000000   Code   RO         2251    .ARM.Collect$$libinit$$00000004  c_w.l(libinit2.o)
    0x0800024c   0x0800024c   0x00000000   Code   RO         2254    .ARM.Collect$$libinit$$0000000A  c_w.l(libinit2.o)
    0x0800024c   0x0800024c   0x00000000   Code   RO         2256    .ARM.Collect$$libinit$$0000000C  c_w.l(libinit2.o)
    0x0800024c   0x0800024c   0x00000000   Code   RO         2258    .ARM.Collect$$libinit$$0000000E  c_w.l(libinit2.o)
    0x0800024c   0x0800024c   0x00000000   Code   RO         2261    .ARM.Collect$$libinit$$00000011  c_w.l(libinit2.o)
    0x0800024c   0x0800024c   0x00000000   Code   RO         2263    .ARM.Collect$$libinit$$00000013  c_w.l(libinit2.o)
    0x0800024c   0x0800024c   0x00000000   Code   RO         2265    .ARM.Collect$$libinit$$00000015  c_w.l(libinit2.o)
    0x0800024c   0x0800024c   0x00000000   Code   RO         2267    .ARM.Collect$$libinit$$00000017  c_w.l(libinit2.o)
    0x0800024c   0x0800024c   0x00000000   Code   RO         2269    .ARM.Collect$$libinit$$00000019  c_w.l(libinit2.o)
    0x0800024c   0x0800024c   0x00000000   Code   RO         2271    .ARM.Collect$$libinit$$0000001B  c_w.l(libinit2.o)
    0x0800024c   0x0800024c   0x00000000   Code   RO         2273    .ARM.Collect$$libinit$$0000001D  c_w.l(libinit2.o)
    0x0800024c   0x0800024c   0x00000000   Code   RO         2275    .ARM.Collect$$libinit$$0000001F  c_w.l(libinit2.o)
    0x0800024c   0x0800024c   0x00000000   Code   RO         2277    .ARM.Collect$$libinit$$00000021  c_w.l(libinit2.o)
    0x0800024c   0x0800024c   0x00000000   Code   RO         2279    .ARM.Collect$$libinit$$00000023  c_w.l(libinit2.o)
    0x0800024c   0x0800024c   0x00000000   Code   RO         2281    .ARM.Collect$$libinit$$00000025  c_w.l(libinit2.o)
    0x0800024c   0x0800024c   0x00000000   Code   RO         2285    .ARM.Collect$$libinit$$0000002C  c_w.l(libinit2.o)
    0x0800024c   0x0800024c   0x00000000   Code   RO         2287    .ARM.Collect$$libinit$$0000002E  c_w.l(libinit2.o)
    0x0800024c   0x0800024c   0x00000000   Code   RO         2289    .ARM.Collect$$libinit$$00000030  c_w.l(libinit2.o)
    0x0800024c   0x0800024c   0x00000000   Code   RO         2291    .ARM.Collect$$libinit$$00000032  c_w.l(libinit2.o)
    0x0800024c   0x0800024c   0x00000002   Code   RO         2292    .ARM.Collect$$libinit$$00000033  c_w.l(libinit2.o)
    0x0800024e   0x0800024e   0x00000002   Code   RO         2318    .ARM.Collect$$libshutdown$$00000000  c_w.l(libshutdown.o)
    0x08000250   0x08000250   0x00000000   Code   RO         2345    .ARM.Collect$$libshutdown$$00000002  c_w.l(libshutdown2.o)
    0x08000250   0x08000250   0x00000000   Code   RO         2347    .ARM.Collect$$libshutdown$$00000004  c_w.l(libshutdown2.o)
    0x08000250   0x08000250   0x00000000   Code   RO         2350    .ARM.Collect$$libshutdown$$00000007  c_w.l(libshutdown2.o)
    0x08000250   0x08000250   0x00000000   Code   RO         2353    .ARM.Collect$$libshutdown$$0000000A  c_w.l(libshutdown2.o)
    0x08000250   0x08000250   0x00000000   Code   RO         2355    .ARM.Collect$$libshutdown$$0000000C  c_w.l(libshutdown2.o)
    0x08000250   0x08000250   0x00000000   Code   RO         2358    .ARM.Collect$$libshutdown$$0000000F  c_w.l(libshutdown2.o)
    0x08000250   0x08000250   0x00000002   Code   RO         2359    .ARM.Collect$$libshutdown$$00000010  c_w.l(libshutdown2.o)
    0x08000252   0x08000252   0x00000000   Code   RO         2181    .ARM.Collect$$rtentry$$00000000  c_w.l(__rtentry.o)
    0x08000252   0x08000252   0x00000000   Code   RO         2205    .ARM.Collect$$rtentry$$00000002  c_w.l(__rtentry2.o)
    0x08000252   0x08000252   0x00000006   Code   RO         2217    .ARM.Collect$$rtentry$$00000004  c_w.l(__rtentry4.o)
    0x08000258   0x08000258   0x00000000   Code   RO         2207    .ARM.Collect$$rtentry$$00000009  c_w.l(__rtentry2.o)
    0x08000258   0x08000258   0x00000004   Code   RO         2208    .ARM.Collect$$rtentry$$0000000A  c_w.l(__rtentry2.o)
    0x0800025c   0x0800025c   0x00000000   Code   RO         2210    .ARM.Collect$$rtentry$$0000000C  c_w.l(__rtentry2.o)
    0x0800025c   0x0800025c   0x00000008   Code   RO         2211    .ARM.Collect$$rtentry$$0000000D  c_w.l(__rtentry2.o)
    0x08000264   0x08000264   0x00000002   Code   RO         2240    .ARM.Collect$$rtexit$$00000000  c_w.l(rtexit.o)
    0x08000266   0x08000266   0x00000000   Code   RO         2294    .ARM.Collect$$rtexit$$00000002  c_w.l(rtexit2.o)
    0x08000266   0x08000266   0x00000004   Code   RO         2295    .ARM.Collect$$rtexit$$00000003  c_w.l(rtexit2.o)
    0x0800026a   0x0800026a   0x00000006   Code   RO         2296    .ARM.Collect$$rtexit$$00000004  c_w.l(rtexit2.o)
    0x08000270   0x08000270   0x00000140   Code   RO            3    .text               main.o
    0x080003b0   0x080003b0   0x00000016   Code   RO          272    .text               stm32f4xx_it.o
    0x080003c6   0x080003c6   0x00000002   PAD
    0x080003c8   0x080003c8   0x00000210   Code   RO          295    .text               system_stm32f4xx.o
    0x080005d8   0x080005d8   0x00000040   Code   RO          321    .text               led.o
    0x08000618   0x08000618   0x00000318   Code   RO          367    .text               sprintf.o
    0x08000930   0x08000930   0x00000088   Code   RO          409    .text               tim3.o
    0x080009b8   0x080009b8   0x00000080   Code   RO          429    .text               tim4.o
    0x08000a38   0x08000a38   0x00000040   Code   RO          450    .text               startup_stm32f40_41xxx.o
    0x08000a78   0x08000a78   0x000000e0   Code   RO          456    .text               misc.o
    0x08000b58   0x08000b58   0x00000294   Code   RO          476    .text               stm32f4xx_gpio.o
    0x08000dec   0x08000dec   0x0000065c   Code   RO          496    .text               stm32f4xx_rcc.o
    0x08001448   0x08001448   0x00000454   Code   RO          538    .text               stm32f4xx_usart.o
    0x0800189c   0x0800189c   0x000009f0   Code   RO          578    .text               stm32f4xx_can.o
    0x0800228c   0x0800228c   0x000003a8   Code   RO          758    .text               stm32f4xx_dma.o
    0x08002634   0x08002634   0x000005c8   Code   RO          864    .text               stm32f4xx_fsmc.o
    0x08002bfc   0x08002bfc   0x00000ca2   Code   RO         1133    .text               stm32f4xx_tim.o
    0x0800389e   0x0800389e   0x00000002   PAD
    0x080038a0   0x080038a0   0x00000148   Code   RO         1173    .text               delay.o
    0x080039e8   0x080039e8   0x00000158   Code   RO         1213    .text               usart.o
    0x08003b40   0x08003b40   0x0000016c   Code   RO         1244    .text               can1.o
    0x08003cac   0x08003cac   0x00000160   Code   RO         1264    .text               can2.o
    0x08003e0c   0x08003e0c   0x00004c64   Code   RO         1290    .text               lcd.o
    0x08008a70   0x08008a70   0x00000154   Code   RO         1331    .text               usart2.o
    0x08008bc4   0x08008bc4   0x00000148   Code   RO         1354    .text               usart3.o
    0x08008d0c   0x08008d0c   0x00000084   Code   RO         1381    .text               bsp.o
    0x08008d90   0x08008d90   0x000002a8   Code   RO         1414    .text               cpu_core.o
    0x08009038   0x08009038   0x00000034   Code   RO         1440    .text               cpu_a.o
    0x0800906c   0x0800906c   0x00000256   Code   RO         1443    .text               lib_ascii.o
    0x080092c2   0x080092c2   0x00000002   PAD
    0x080092c4   0x080092c4   0x000009c6   Code   RO         1476    .text               lib_mem.o
    0x08009c8a   0x08009c8a   0x00000002   PAD
    0x08009c8c   0x08009c8c   0x0000092c   Code   RO         1495    .text               lib_str.o
    0x0800a5b8   0x0800a5b8   0x00000220   Code   RO         1512    .text               lib_mem_a.o
    0x0800a7d8   0x0800a7d8   0x000000fc   Code   RO         1515    .text               os_cfg_app.o
    0x0800a8d4   0x0800a8d4   0x00000df0   Code   RO         1538    .text               os_core.o
    0x0800b6c4   0x0800b6c4   0x000001b0   Code   RO         1550    .text               os_dbg.o
    0x0800b874   0x0800b874   0x00000e28   Code   RO         1565    .text               os_flag.o
    0x0800c69c   0x0800c69c   0x00000444   Code   RO         1577    .text               os_int.o
    0x0800cae0   0x0800cae0   0x00000238   Code   RO         1589    .text               os_mem.o
    0x0800cd18   0x0800cd18   0x0000022c   Code   RO         1601    .text               os_msg.o
    0x0800cf44   0x0800cf44   0x00000ad4   Code   RO         1613    .text               os_mutex.o
    0x0800da18   0x0800da18   0x0000007c   Code   RO         1631    .text               os_prio.o
    0x0800da94   0x0800da94   0x000008d8   Code   RO         1650    .text               os_q.o
    0x0800e36c   0x0800e36c   0x00000830   Code   RO         1662    .text               os_sem.o
    0x0800eb9c   0x0800eb9c   0x00000638   Code   RO         1674    .text               os_stat.o
    0x0800f1d4   0x0800f1d4   0x00001bb4   Code   RO         1686    .text               os_task.o
    0x08010d88   0x08010d88   0x000004fc   Code   RO         1698    .text               os_tick.o
    0x08011284   0x08011284   0x00000564   Code   RO         1710    .text               os_time.o
    0x080117e8   0x080117e8   0x00000818   Code   RO         1722    .text               os_tmr.o
    0x08012000   0x08012000   0x000003f8   Code   RO         1750    .text               os_cpu_c.o
    0x080123f8   0x080123f8   0x00000440   Code   RO         1791    .text               canbustask.o
    0x08012838   0x08012838   0x00000110   Code   RO         1818    .text               remotetask.o
    0x08012948   0x08012948   0x00001260   Code   RO         1841    .text               pidcontroltask.o
    0x08013ba8   0x08013ba8   0x00000178   Code   RO         1865    .text               starttask.o
    0x08013d20   0x08013d20   0x000003a4   Code   RO         1888    .text               dataprocessingtask.o
    0x080140c4   0x080140c4   0x00000070   Code   RO         1911    .text               RMLib.lib(ramp.o)
    0x08014134   0x08014134   0x00000002   Code   RO         2103    .text               c_w.l(use_no_semi_2.o)
    0x08014136   0x08014136   0x000000ee   Code   RO         2105    .text               c_w.l(lludivv7m.o)
    0x08014224   0x08014224   0x00000028   Code   RO         2109    .text               c_w.l(noretval__2sprintf.o)
    0x0801424c   0x0801424c   0x0000004e   Code   RO         2113    .text               c_w.l(_printf_pad.o)
    0x0801429a   0x0801429a   0x00000002   PAD
    0x0801429c   0x0801429c   0x00000078   Code   RO         2115    .text               c_w.l(_printf_dec.o)
    0x08014314   0x08014314   0x0000010e   Code   RO         2125    .text               c_w.l(__printf_wp.o)
    0x08014422   0x08014422   0x00000006   Code   RO         2139    .text               c_w.l(heapauxi.o)
    0x08014428   0x08014428   0x00000002   Code   RO         2179    .text               c_w.l(use_no_semi.o)
    0x0801442a   0x0801442a   0x000000b2   Code   RO         2186    .text               c_w.l(_printf_intcommon.o)
    0x080144dc   0x080144dc   0x00000030   Code   RO         2188    .text               c_w.l(_printf_char_common.o)
    0x0801450c   0x0801450c   0x0000000a   Code   RO         2190    .text               c_w.l(_sputc.o)
    0x08014516   0x08014516   0x0000004a   Code   RO         2223    .text               c_w.l(sys_stackheap_outer.o)
    0x08014560   0x08014560   0x00000012   Code   RO         2225    .text               c_w.l(exit.o)
    0x08014572   0x08014572   0x00000002   PAD
    0x08014574   0x08014574   0x00000008   Code   RO         2237    .text               c_w.l(libspace.o)
    0x0801457c   0x0801457c   0x000000ac   Code   RO         1774    CODE                os_cpu_a.o
    0x08014628   0x08014628   0x00000014   Code   RO         2173    i.__hardfp_fabs     m_wm.l(fabs.o)
    0x0801463c   0x0801463c   0x0000000e   Code   RO         2127    i._is_digit         c_w.l(__printf_wp.o)
    0x0801464a   0x0801464a   0x00000002   PAD
    0x0801464c   0x0801464c   0x00000062   Code   RO         2143    x$fpl$d2f           fz_wm.l(d2f.o)
    0x080146ae   0x080146ae   0x00000002   PAD
    0x080146b0   0x080146b0   0x00000150   Code   RO         2145    x$fpl$dadd          fz_wm.l(daddsub_clz.o)
    0x08014800   0x08014800   0x00000018   Code   RO         2193    x$fpl$dcmpinf       fz_wm.l(dcmpi.o)
    0x08014818   0x08014818   0x000002b0   Code   RO         2152    x$fpl$ddiv          fz_wm.l(ddiv.o)
    0x08014ac8   0x08014ac8   0x0000005a   Code   RO         2155    x$fpl$dfixu         fz_wm.l(dfixu.o)
    0x08014b22   0x08014b22   0x00000026   Code   RO         2159    x$fpl$dfltu         fz_wm.l(dflt_clz.o)
    0x08014b48   0x08014b48   0x00000078   Code   RO         2165    x$fpl$dleqf         fz_wm.l(dleqf.o)
    0x08014bc0   0x08014bc0   0x00000154   Code   RO         2167    x$fpl$dmul          fz_wm.l(dmul.o)
    0x08014d14   0x08014d14   0x0000009c   Code   RO         2195    x$fpl$dnaninf       fz_wm.l(dnaninf.o)
    0x08014db0   0x08014db0   0x0000000c   Code   RO         2197    x$fpl$dretinf       fz_wm.l(dretinf.o)
    0x08014dbc   0x08014dbc   0x0000006c   Code   RO         2169    x$fpl$drleqf        fz_wm.l(drleqf.o)
    0x08014e28   0x08014e28   0x00000016   Code   RO         2146    x$fpl$drsb          fz_wm.l(daddsub_clz.o)
    0x08014e3e   0x08014e3e   0x00000002   PAD
    0x08014e40   0x08014e40   0x000001d4   Code   RO         2147    x$fpl$dsub          fz_wm.l(daddsub_clz.o)
    0x08015014   0x08015014   0x00000056   Code   RO         2171    x$fpl$f2d           fz_wm.l(f2d.o)
    0x0801506a   0x0801506a   0x0000008c   Code   RO         2199    x$fpl$fnaninf       fz_wm.l(fnaninf.o)
    0x080150f6   0x080150f6   0x0000000a   Code   RO         2306    x$fpl$fpinit        fz_wm.l(fpinit.o)
    0x08015100   0x08015100   0x0000000a   Code   RO         2201    x$fpl$fretinf       fz_wm.l(fretinf.o)
    0x0801510a   0x0801510a   0x00000000   Code   RO         2203    x$fpl$usenofp       fz_wm.l(usenofp.o)
    0x0801510a   0x0801510a   0x00000002   PAD
    0x0801510c   0x0801510c   0x0000001c   Data   RO          865    .constdata          stm32f4xx_fsmc.o
    0x08015128   0x08015128   0x000017c0   Data   RO         1292    .constdata          lcd.o
    0x080168e8   0x080168e8   0x00000104   Data   RO         1416    .constdata          cpu_core.o
    0x080169ec   0x080169ec   0x00000094   Data   RO         1496    .constdata          lib_str.o
    0x08016a80   0x08016a80   0x000000a4   Data   RO         1517    .constdata          os_cfg_app.o
    0x08016b24   0x08016b24   0x0000016c   Data   RO         1551    .constdata          os_dbg.o
    0x08016c90   0x08016c90   0x00000020   Data   RO         2360    Region$$Table       anon$$obj.o


    Execution Region RW_IRAM1 (Exec base: 0x20000000, Load base: 0x08016cb0, Size: 0x00003fa0, Max: 0x00020000, ABSOLUTE, COMPRESSED[0x00000038])

    Exec Addr    Load Addr    Size         Type   Attr      Idx    E Section Name        Object

    0x20000000   COMPRESSED   0x00000014   Data   RW          296    .data               system_stm32f4xx.o
    0x20000014   COMPRESSED   0x00000010   Data   RW          497    .data               stm32f4xx_rcc.o
    0x20000024   COMPRESSED   0x00000004   Data   RW         1174    .data               delay.o
    0x20000028   COMPRESSED   0x00000006   Data   RW         1215    .data               usart.o
    0x2000002e   COMPRESSED   0x00000004   Data   RW         1293    .data               lcd.o
    0x20000032   COMPRESSED   0x00000002   Data   RW         1356    .data               usart3.o
    0x20000034   COMPRESSED   0x00000004   Data   RW         1417    .data               cpu_core.o
    0x20000038   COMPRESSED   0x00000004   Data   RW         1478    .data               lib_mem.o
    0x2000003c   COMPRESSED   0x00000008   Data   RW         1632    .data               os_prio.o
    0x20000044   COMPRESSED   0x000000c8   Data   RW         1735    .data               os_var.o
    0x2000010c   COMPRESSED   0x00000004   Data   RW         1751    .data               os_cpu_c.o
    0x20000110   COMPRESSED   0x00000018   Data   RW         1793    .data               canbustask.o
    0x20000128   COMPRESSED   0x000000b8   Data   RW         1843    .data               pidcontroltask.o
    0x200001e0   COMPRESSED   0x00000028   Data   RW         1890    .data               dataprocessingtask.o
    0x20000208        -       0x000008c4   Zero   RW            4    .bss                main.o
    0x20000acc        -       0x0000002a   Zero   RW          368    .bss                sprintf.o
    0x20000af6        -       0x000000c8   Zero   RW         1214    .bss                usart.o
    0x20000bbe        -       0x0000000e   Zero   RW         1291    .bss                lcd.o
    0x20000bcc        -       0x00000019   Zero   RW         1332    .bss                usart2.o
    0x20000be5        -       0x000000c8   Zero   RW         1355    .bss                usart3.o
    0x20000cad        -       0x00000010   Zero   RW         1415    .bss                cpu_core.o
    0x20000cbd   COMPRESSED   0x00000003   PAD
    0x20000cc0        -       0x00000448   Zero   RW         1477    .bss                lib_mem.o
    0x20001108        -       0x00001490   Zero   RW         1516    .bss                os_cfg_app.o
    0x20002598        -       0x000006e0   Zero   RW         1734    .bss                os_var.o
    0x20002c78        -       0x000001b0   Zero   RW         1792    .bss                canbustask.o
    0x20002e28        -       0x00000016   Zero   RW         1819    .bss                remotetask.o
    0x20002e3e   COMPRESSED   0x00000002   PAD
    0x20002e40        -       0x000000f0   Zero   RW         1842    .bss                pidcontroltask.o
    0x20002f30        -       0x000009bc   Zero   RW         1866    .bss                starttask.o
    0x200038ec        -       0x00000050   Zero   RW         1889    .bss                dataprocessingtask.o
    0x2000393c        -       0x00000060   Zero   RW         2238    .bss                c_w.l(libspace.o)
    0x2000399c   COMPRESSED   0x00000004   PAD
    0x200039a0        -       0x00000200   Zero   RW          448    HEAP                startup_stm32f40_41xxx.o
    0x20003ba0        -       0x00000400   Zero   RW          447    STACK               startup_stm32f40_41xxx.o


==============================================================================

Image component sizes


      Code (inc. data)   RO Data    RW Data    ZI Data      Debug   Object Name

       132         14          0          0          0       1199   bsp.o
       364         14          0          0          0       1100   can1.o
       352          8          0          0          0       1084   can2.o
      1088         82          0         24        432       4884   canbustask.o
        52          0          0          0          0        312   cpu_a.o
       680         14        260          4         16      14643   cpu_core.o
       932         64          0         40         80       1177   dataprocessingtask.o
       328         24          0          4          0       1853   delay.o
     19556        156       6080          4         14      22718   lcd.o
        64          6          0          0          0     237939   led.o
       598          0          0          0          0       3952   lib_ascii.o
      2502         32          0          4       1096      22296   lib_mem.o
       544          0          0          0          0        456   lib_mem_a.o
      2348          6        148          0          0      13846   lib_str.o
       320         34          0          0       2244     118828   main.o
       224         20          0          0          0       1925   misc.o
       252        166        164          0       5264      20834   os_cfg_app.o
      3568        284          0          0          0      12593   os_core.o
       172         32          0          0          0        380   os_cpu_a.o
      1016         64          0          4          0       4009   os_cpu_c.o
       432        286        364          0          0       4713   os_dbg.o
      3624        110          0          0          0       8227   os_flag.o
      1092        146          0          0          0       2336   os_int.o
       568         20          0          0          0       2856   os_mem.o
       556         12          0          0          0       2843   os_msg.o
      2772        114          0          0          0       5762   os_mutex.o
       124          4          0          8          0       1856   os_prio.o
      2264         76          0          0          0       6524   os_q.o
      2096         70          0          0          0       6544   os_sem.o
      1592        180          0          0          0       2817   os_stat.o
      7092        270          0          0          0      14370   os_task.o
      1276         90          0          0          0       3433   os_tick.o
      1380         46          0          0          0       3289   os_time.o
      2072        140          0          0          0       6670   os_tmr.o
         0          0          0        200       1760      19301   os_var.o
      4704        432          0        184        240       4449   pidcontroltask.o
       272          4          0          0         22       1923   remotetask.o
       792        134          0          0         42       3717   sprintf.o
       376         42          0          0       2492       1875   starttask.o
        64         26        392          0       1536        820   startup_stm32f40_41xxx.o
      2544         38          0          0          0       8248   stm32f4xx_can.o
       936         32          0          0          0       6497   stm32f4xx_dma.o
      1480         18         28          0          0       5762   stm32f4xx_fsmc.o
       660         44          0          0          0       4261   stm32f4xx_gpio.o
        22          0          0          0          0       1019   stm32f4xx_it.o
      1628         52          0         16          0      13148   stm32f4xx_rcc.o
      3234         60          0          0          0      23116   stm32f4xx_tim.o
      1108         34          0          0          0       7988   stm32f4xx_usart.o
       528         46          0         20          0       1731   system_stm32f4xx.o
       136          4          0          0          0        816   tim3.o
       128          4          0          0          0        804   tim4.o
       344         16          0          6        200       3266   usart.o
       340         32          0          0         25       1483   usart2.o
       328         16          0          2        200       1528   usart3.o

    ----------------------------------------------------------------------
     81664       3618       7468        520      15668     670020   Object Totals
         0          0         32          0          0          0   (incl. Generated)
         8          0          0          0          5          0   (incl. Padding)

    ----------------------------------------------------------------------

      Code (inc. data)   RO Data    RW Data    ZI Data      Debug   Library Member Name

       112          6          0          0          0       5660   ramp.o
        90          0          0          0          0          0   __dczerorl2.o
         8          0          0          0          0         68   __main.o
       284          0          0          0          0        156   __printf_wp.o
         0          0          0          0          0          0   __rtentry.o
        12          0          0          0          0          0   __rtentry2.o
         6          0          0          0          0          0   __rtentry4.o
        52          8          0          0          0          0   __scatter.o
        28          0          0          0          0          0   __scatter_zi.o
        48          6          0          0          0         96   _printf_char_common.o
         6          0          0          0          0          0   _printf_d.o
       120         16          0          0          0         92   _printf_dec.o
       178          0          0          0          0         88   _printf_intcommon.o
        78          0          0          0          0        108   _printf_pad.o
         0          0          0          0          0          0   _printf_percent.o
         4          0          0          0          0          0   _printf_percent_end.o
        10          0          0          0          0         68   _sputc.o
        18          0          0          0          0         80   exit.o
         6          0          0          0          0        152   heapauxi.o
         2          0          0          0          0          0   libinit.o
         6          0          0          0          0          0   libinit2.o
         2          0          0          0          0          0   libshutdown.o
         2          0          0          0          0          0   libshutdown2.o
         8          4          0          0         96         68   libspace.o
       238          0          0          0          0        100   lludivv7m.o
        40          6          0          0          0         84   noretval__2sprintf.o
         2          0          0          0          0          0   rtexit.o
        10          0          0          0          0          0   rtexit2.o
        74          0          0          0          0         80   sys_stackheap_outer.o
         2          0          0          0          0         68   use_no_semi.o
         2          0          0          0          0         68   use_no_semi_2.o
        98          4          0          0          0        140   d2f.o
       826         16          0          0          0        492   daddsub_clz.o
        24          0          0          0          0        116   dcmpi.o
       688        140          0          0          0        256   ddiv.o
        90          4          0          0          0        140   dfixu.o
        38          0          0          0          0        116   dflt_clz.o
       120          4          0          0          0        140   dleqf.o
       340         12          0          0          0        152   dmul.o
       156          4          0          0          0        140   dnaninf.o
        12          0          0          0          0        116   dretinf.o
       108          0          0          0          0        128   drleqf.o
        86          4          0          0          0        132   f2d.o
       140          4          0          0          0        132   fnaninf.o
        10          0          0          0          0        116   fpinit.o
        10          0          0          0          0        116   fretinf.o
         0          0          0          0          0          0   usenofp.o
        20          0          0          0          0        124   fabs.o

    ----------------------------------------------------------------------
      4228        238          0          0        100       9592   Library Totals
        14          0          0          0          4          0   (incl. Padding)

    ----------------------------------------------------------------------

      Code (inc. data)   RO Data    RW Data    ZI Data      Debug   Library Name

       112          6          0          0          0       5660   RMLib.lib
      1336         40          0          0         96       1376   c_w.l
      2746        192          0          0          0       2432   fz_wm.l
        20          0          0          0          0        124   m_wm.l

    ----------------------------------------------------------------------
      4228        238          0          0        100       9592   Library Totals

    ----------------------------------------------------------------------

==============================================================================


      Code (inc. data)   RO Data    RW Data    ZI Data      Debug   

     85892       3856       7468        520      15768     665788   Grand Totals
     85892       3856       7468         56      15768     665788   ELF Image Totals (compressed)
     85892       3856       7468         56          0          0   ROM Totals

==============================================================================

    Total RO  Size (Code + RO Data)                93360 (  91.17kB)
    Total RW  Size (RW Data + ZI Data)             16288 (  15.91kB)
    Total ROM Size (Code + RO Data + RW Data)      93416 (  91.23kB)

==============================================================================

