Component: ARM Compiler 5.06 update 6 (build 750) Tool: armlink [4d35ed]

==============================================================================

Section Cross References

    main.o(.text) refers to misc.o(.text) for NVIC_PriorityGroupConfig
    main.o(.text) refers to delay.o(.text) for delay_init
    main.o(.text) refers to led.o(.text) for LED_Init
    main.o(.text) refers to can1.o(.text) for CAN1_Configuration
    main.o(.text) refers to can2.o(.text) for CAN2_Configuration
    main.o(.text) refers to usart.o(.text) for uart_init
    main.o(.text) refers to usart3.o(.text) for Initial_UART3
    main.o(.text) refers to pidcontroltask.o(.text) for RAMP_INIT
    main.o(.text) refers to usart2.o(.text) for RC_Init
    main.o(.text) refers to tim3.o(.text) for TIM3_Int_Init
    main.o(.text) refers to tim4.o(.text) for Friction_Wheel_Init
    main.o(.text) refers to os_core.o(.text) for OSInit
    main.o(.text) refers to cpu_a.o(.text) for CPU_SR_Save
    main.o(.text) refers to os_task.o(.text) for OSTaskCreate
    main.o(.text) refers to os_var.o(.data) for OSSchedLockNestingCtr
    main.o(.text) refers to main.o(.bss) for START_TASK_STK
    main.o(.text) refers to starttask.o(.text) for start_task
    system_stm32f4xx.o(.text) refers to system_stm32f4xx.o(.data) for SystemCoreClock
    led.o(.text) refers to stm32f4xx_rcc.o(.text) for RCC_AHB1PeriphClockCmd
    led.o(.text) refers to stm32f4xx_gpio.o(.text) for GPIO_Init
    sprintf.o(.text) refers to _printf_pad.o(.text) for _printf_pre_padding
    sprintf.o(.text) refers to _printf_percent.o(.ARM.Collect$$_printf_percent$$00000000) for _printf_percent
    sprintf.o(.text) refers to _printf_d.o(.ARM.Collect$$_printf_percent$$00000009) for _printf_d
    sprintf.o(.text) refers to _printf_dec.o(.text) for _printf_int_dec
    sprintf.o(.text) refers to _printf_f.o(.ARM.Collect$$_printf_percent$$00000003) for _printf_f
    sprintf.o(.text) refers to printf1.o(x$fpl$printf1) for _printf_fp_dec
    sprintf.o(.text) refers to noretval__2sprintf.o(.text) for __2sprintf
    sprintf.o(.text) refers to lcd.o(.text) for LCD_ShowString
    sprintf.o(.text) refers to f2d.o(x$fpl$f2d) for __aeabi_f2d
    sprintf.o(.text) refers to noretval__2printf.o(.text) for __2printf
    sprintf.o(.text) refers to os_time.o(.text) for OSTimeDlyHMSM
    sprintf.o(.text) refers to remotetask.o(.bss) for RC_Ctl
    sprintf.o(.text) refers to canbustask.o(.bss) for GMPitchEncoder
    sprintf.o(.text) refers to pidcontroltask.o(.data) for PID_pitchPosition_value
    sprintf.o(.text) refers to sprintf.o(.bss) for DataScope_OutPut_Buffer
    tim3.o(.text) refers to stm32f4xx_rcc.o(.text) for RCC_APB1PeriphClockCmd
    tim3.o(.text) refers to stm32f4xx_tim.o(.text) for TIM_TimeBaseInit
    tim3.o(.text) refers to misc.o(.text) for NVIC_Init
    tim3.o(.text) refers to os_core.o(.text) for OSIntEnter
    tim3.o(.text) refers to pidcontroltask.o(.text) for YUNTAI_SPEED
    tim4.o(.text) refers to stm32f4xx_rcc.o(.text) for RCC_APB1PeriphClockCmd
    tim4.o(.text) refers to stm32f4xx_gpio.o(.text) for GPIO_PinAFConfig
    tim4.o(.text) refers to stm32f4xx_tim.o(.text) for TIM_TimeBaseInit
    startup_stm32f40_41xxx.o(STACK) refers (Special) to heapauxi.o(.text) for __use_two_region_memory
    startup_stm32f40_41xxx.o(HEAP) refers (Special) to heapauxi.o(.text) for __use_two_region_memory
    startup_stm32f40_41xxx.o(RESET) refers (Special) to heapauxi.o(.text) for __use_two_region_memory
    startup_stm32f40_41xxx.o(RESET) refers to startup_stm32f40_41xxx.o(STACK) for __initial_sp
    startup_stm32f40_41xxx.o(RESET) refers to startup_stm32f40_41xxx.o(.text) for Reset_Handler
    startup_stm32f40_41xxx.o(RESET) refers to stm32f4xx_it.o(.text) for NMI_Handler
    startup_stm32f40_41xxx.o(RESET) refers to os_cpu_a.o(CODE) for PendSV_Handler
    startup_stm32f40_41xxx.o(RESET) refers to delay.o(.text) for SysTick_Handler
    startup_stm32f40_41xxx.o(RESET) refers to usart2.o(.text) for DMA1_Stream5_IRQHandler
    startup_stm32f40_41xxx.o(RESET) refers to can1.o(.text) for CAN1_TX_IRQHandler
    startup_stm32f40_41xxx.o(RESET) refers to tim3.o(.text) for TIM3_IRQHandler
    startup_stm32f40_41xxx.o(RESET) refers to usart.o(.text) for USART1_IRQHandler
    startup_stm32f40_41xxx.o(RESET) refers to usart3.o(.text) for USART3_IRQHandler
    startup_stm32f40_41xxx.o(RESET) refers to can2.o(.text) for CAN2_TX_IRQHandler
    startup_stm32f40_41xxx.o(.text) refers (Special) to heapauxi.o(.text) for __use_two_region_memory
    startup_stm32f40_41xxx.o(.text) refers to system_stm32f4xx.o(.text) for SystemInit
    startup_stm32f40_41xxx.o(.text) refers to __main.o(!!!main) for __main
    startup_stm32f40_41xxx.o(.text) refers to startup_stm32f40_41xxx.o(HEAP) for Heap_Mem
    startup_stm32f40_41xxx.o(.text) refers to startup_stm32f40_41xxx.o(STACK) for Stack_Mem
    stm32f4xx_gpio.o(.text) refers to stm32f4xx_rcc.o(.text) for RCC_AHB1PeriphResetCmd
[...]
    CPU_CntTrailZeros                        0x080091b1   Thumb Code     0  cpu_a.o(.text)
    CPU_RevBits                              0x080091bb   Thumb Code     0  cpu_a.o(.text)
    ASCII_IsAlpha                            0x080091c1   Thumb Code    48  lib_ascii.o(.text)
    ASCII_IsAlphaNum                         0x080091f1   Thumb Code    76  lib_ascii.o(.text)
    ASCII_IsLower                            0x0800923d   Thumb Code    20  lib_ascii.o(.text)
    ASCII_IsUpper                            0x08009251   Thumb Code    20  lib_ascii.o(.text)
    ASCII_IsDig                              0x08009265   Thumb Code    20  lib_ascii.o(.text)
    ASCII_IsDigOct                           0x08009279   Thumb Code    20  lib_ascii.o(.text)
    ASCII_IsDigHex                           0x0800928d   Thumb Code    36  lib_ascii.o(.text)
    ASCII_IsBlank                            0x080092b1   Thumb Code    20  lib_ascii.o(.text)
    ASCII_IsSpace                            0x080092c5   Thumb Code    36  lib_ascii.o(.text)
    ASCII_IsPrint                            0x080092e9   Thumb Code    20  lib_ascii.o(.text)
    ASCII_IsGraph                            0x080092fd   Thumb Code    20  lib_ascii.o(.text)
    ASCII_IsPunct                            0x08009311   Thumb Code   134  lib_ascii.o(.text)
    ASCII_IsCtrl                             0x08009397   Thumb Code    26  lib_ascii.o(.text)
    ASCII_ToLower                            0x080093b1   Thumb Code    32  lib_ascii.o(.text)
    ASCII_ToUpper                            0x080093d1   Thumb Code    32  lib_ascii.o(.text)
    ASCII_Cmp                                0x080093f1   Thumb Code    38  lib_ascii.o(.text)
    Mem_Init                                 0x08009419   Thumb Code    54  lib_mem.o(.text)
    Mem_Set                                  0x0800944f   Thumb Code    84  lib_mem.o(.text)
    Mem_Clr                                  0x080094a3   Thumb Code    18  lib_mem.o(.text)
    Mem_Move                                 0x080094b5   Thumb Code   186  lib_mem.o(.text)
    Mem_Cmp                                  0x0800956f   Thumb Code   192  lib_mem.o(.text)
    Mem_HeapAlloc                            0x080096a7   Thumb Code   168  lib_mem.o(.text)
    Mem_SegGetSizeRem                        0x0800974f   Thumb Code   108  lib_mem.o(.text)
    Mem_HeapGetSizeRem                       0x080097bb   Thumb Code    22  lib_mem.o(.text)
    Mem_PoolClr                              0x080097d1   Thumb Code    80  lib_mem.o(.text)
    Mem_PoolCreate                           0x08009821   Thumb Code   838  lib_mem.o(.text)
    Mem_PoolBlkGetNbrAvail                   0x08009b67   Thumb Code    52  lib_mem.o(.text)
    Mem_PoolBlkGet                           0x08009b9b   Thumb Code   126  lib_mem.o(.text)
    Mem_PoolBlkGetUsedAtIx                   0x08009c19   Thumb Code   140  lib_mem.o(.text)
    Mem_PoolBlkFree                          0x08009ca5   Thumb Code   152  lib_mem.o(.text)
    Mem_PoolBlkIxGet                         0x08009d3d   Thumb Code   162  lib_mem.o(.text)
    Str_Len_N                                0x08009de1   Thumb Code    28  lib_str.o(.text)
    Str_Len                                  0x08009dfd   Thumb Code    20  lib_str.o(.text)
    Str_Copy_N                               0x08009e11   Thumb Code    70  lib_str.o(.text)
    Str_Copy                                 0x08009e57   Thumb Code    24  lib_str.o(.text)
    Str_Cat_N                                0x08009e6f   Thumb Code    90  lib_str.o(.text)
    Str_Cat                                  0x08009ec9   Thumb Code    24  lib_str.o(.text)
    Str_Cmp_N                                0x08009ee1   Thumb Code   156  lib_str.o(.text)
    Str_Cmp                                  0x08009f7d   Thumb Code    24  lib_str.o(.text)
    Str_CmpIgnoreCase_N                      0x08009f95   Thumb Code   264  lib_str.o(.text)
    Str_CmpIgnoreCase                        0x0800a09d   Thumb Code    24  lib_str.o(.text)
    Str_Char_N                               0x0800a0b5   Thumb Code    74  lib_str.o(.text)
    Str_Char                                 0x0800a0ff   Thumb Code    24  lib_str.o(.text)
    Str_Char_Last_N                          0x0800a117   Thumb Code    76  lib_str.o(.text)
    Str_Char_Last                            0x0800a163   Thumb Code    24  lib_str.o(.text)
    Str_Char_Replace_N                       0x0800a17b   Thumb Code    52  lib_str.o(.text)
    Str_Char_Replace                         0x0800a1af   Thumb Code    28  lib_str.o(.text)
    Str_Str_N                                0x0800a1cb   Thumb Code   182  lib_str.o(.text)
    Str_Str                                  0x0800a281   Thumb Code    24  lib_str.o(.text)
    Str_FmtNbr_Int32U                        0x0800a475   Thumb Code    46  lib_str.o(.text)
    Str_FmtNbr_Int32S                        0x0800a4a3   Thumb Code    62  lib_str.o(.text)
    Str_ParseNbr_Int32U                      0x0800a69f   Thumb Code    30  lib_str.o(.text)
    Str_ParseNbr_Int32S                      0x0800a6bd   Thumb Code    74  lib_str.o(.text)
    Mem_Copy                                 0x0800a70d   Thumb Code     0  lib_mem_a.o(.text)
    OSCfg_Init                               0x0800a92d   Thumb Code    86  os_cfg_app.o(.text)
    OS_IdleTask                              0x0800aa29   Thumb Code    60  os_core.o(.text)
    OS_IdleTaskInit                          0x0800aa65   Thumb Code    68  os_core.o(.text)
    OS_RdyListInit                           0x0800aaa9   Thumb Code    32  os_core.o(.text)
    OSInit                                   0x0800aac9   Thumb Code   300  os_core.o(.text)
    OSIntEnter                               0x0800abf5   Thumb Code    34  os_core.o(.text)
    OSIntExit                                0x0800ac17   Thumb Code   188  os_core.o(.text)
    OSSched                                  0x0800acd3   Thumb Code   130  os_core.o(.text)
    OS_SchedLockTimeMeasStart                0x0800ad55   Thumb Code    20  os_core.o(.text)
    OSSchedLock                              0x0800ad69   Thumb Code   104  os_core.o(.text)
    OS_SchedLockTimeMeasStop                 0x0800add1   Thumb Code    44  os_core.o(.text)
    OSSchedUnlock                            0x0800adfd   Thumb Code   286  os_core.o(.text)
    OSSchedRoundRobinCfg                     0x0800af1b   Thumb Code    88  os_core.o(.text)
    OS_RdyListMoveHeadToTail                 0x0800af73   Thumb Code    68  os_core.o(.text)
    OSSchedRoundRobinYield                   0x0800afb7   Thumb Code   164  os_core.o(.text)
    OSStart                                  0x0800b05b   Thumb Code    78  os_core.o(.text)
    OSVersion                                0x0800b0a9   Thumb Code    12  os_core.o(.text)
    OS_PendDbgNameAdd                        0x0800b0b5   Thumb Code    66  os_core.o(.text)
    OS_PendListInsertPrio                    0x0800b0f7   Thumb Code   102  os_core.o(.text)
    OS_PendDataInit                          0x0800b15d   Thumb Code    38  os_core.o(.text)
    OS_RdyListRemove                         0x0800b183   Thumb Code    86  os_core.o(.text)
    OS_TaskBlock                             0x0800b1d9   Thumb Code    56  os_core.o(.text)
    OS_Pend                                  0x0800b211   Thumb Code    98  os_core.o(.text)
    OS_PendListRemove1                       0x0800b273   Thumb Code   136  os_core.o(.text)
    OS_PendListRemove                        0x0800b2fb   Thumb Code    48  os_core.o(.text)
    OS_PendAbort1                            0x0800b32b   Thumb Code    36  os_core.o(.text)
    OS_RdyListInsertHead                     0x0800b34f   Thumb Code    58  os_core.o(.text)
    OS_RdyListInsertTail                     0x0800b389   Thumb Code    56  os_core.o(.text)
    OS_RdyListInsert                         0x0800b3c1   Thumb Code    40  os_core.o(.text)
    OS_TaskRdy                               0x0800b3e9   Thumb Code    28  os_core.o(.text)
    OS_PendAbort                             0x0800b405   Thumb Code   166  os_core.o(.text)
    OS_PendDbgNameRemove                     0x0800b4ab   Thumb Code    34  os_core.o(.text)
    OS_PendListChangePrio                    0x0800b4cd   Thumb Code    70  os_core.o(.text)
    OS_PendListInit                          0x0800b513   Thumb Code    10  os_core.o(.text)
    OS_PendListInsertHead                    0x0800b51d   Thumb Code    32  os_core.o(.text)
    OS_PendObjDel1                           0x0800b53d   Thumb Code    36  os_core.o(.text)
    OS_PendObjDel                            0x0800b561   Thumb Code   162  os_core.o(.text)
    OS_Post1                                 0x0800b603   Thumb Code    42  os_core.o(.text)
    OS_Post                                  0x0800b62d   Thumb Code   192  os_core.o(.text)
    OS_Sched0                                0x0800b6ed   Thumb Code    68  os_core.o(.text)
    OS_SchedRoundRobin                       0x0800b731   Thumb Code   218  os_core.o(.text)
    OS_Dbg_Init                              0x0800b819   Thumb Code   146  os_dbg.o(.text)
    OS_FlagDbgListAdd                        0x0800b9c9   Thumb Code    38  os_flag.o(.text)
    OSFlagCreate                             0x0800b9ef   Thumb Code   172  os_flag.o(.text)
    OS_FlagClr                               0x0800ba9b   Thumb Code    28  os_flag.o(.text)
    OS_FlagDbgListRemove                     0x0800bab7   Thumb Code    44  os_flag.o(.text)
    OSFlagDel                                0x0800bae3   Thumb Code   594  os_flag.o(.text)
    OS_FlagBlock                             0x0800bd35   Thumb Code    58  os_flag.o(.text)
    OSFlagPend                               0x0800bd6f   Thumb Code  1488  os_flag.o(.text)
    OSFlagPendAbort                          0x0800c33f   Thumb Code   292  os_flag.o(.text)
    OSFlagPendGetFlagsRdy                    0x0800c463   Thumb Code    68  os_flag.o(.text)
    OS_FlagTaskRdy                           0x0800c4a7   Thumb Code    86  os_flag.o(.text)
    OS_FlagPost                              0x0800c4fd   Thumb Code   570  os_flag.o(.text)
    OSFlagPost                               0x0800c737   Thumb Code   146  os_flag.o(.text)
    OS_FlagInit                              0x0800c7c9   Thumb Code    14  os_flag.o(.text)
    OS_IntQPost                              0x0800c7f1   Thumb Code   216  os_int.o(.text)
    OS_IntQRePost                            0x0800c8c9   Thumb Code   360  os_int.o(.text)
    OS_IntQTask                              0x0800ca31   Thumb Code   162  os_int.o(.text)
    OS_IntQTaskInit                          0x0800cad3   Thumb Code   208  os_int.o(.text)
    OS_MemDbgListAdd                         0x0800cc35   Thumb Code    34  os_mem.o(.text)
    OSMemCreate                              0x0800cc57   Thumb Code   288  os_mem.o(.text)
    OSMemGet                                 0x0800cd77   Thumb Code   100  os_mem.o(.text)
    OSMemPut                                 0x0800cddb   Thumb Code   112  os_mem.o(.text)
    OS_MemInit                               0x0800ce4b   Thumb Code    14  os_mem.o(.text)
    OS_MsgPoolCreate                         0x0800ce6d   Thumb Code    54  os_msg.o(.text)
    OS_MsgPoolInit                           0x0800cea3   Thumb Code    70  os_msg.o(.text)
    OS_MsgQFreeAll                           0x0800cee9   Thumb Code    62  os_msg.o(.text)
    OS_MsgQInit                              0x0800cf27   Thumb Code    14  os_msg.o(.text)
    OS_MsgQGet                               0x0800cf35   Thumb Code    98  os_msg.o(.text)
    OS_MsgQPut                               0x0800cf97   Thumb Code   246  os_msg.o(.text)
    OS_MutexDbgListAdd                       0x0800d099   Thumb Code    38  os_mutex.o(.text)
    OSMutexCreate                            0x0800d0bf   Thumb Code   178  os_mutex.o(.text)
    OS_MutexClr                              0x0800d171   Thumb Code    38  os_mutex.o(.text)
    OS_MutexDbgListRemove                    0x0800d197   Thumb Code    44  os_mutex.o(.text)
    OSMutexDel                               0x0800d1c3   Thumb Code   842  os_mutex.o(.text)
    OSMutexPend                              0x0800d50d   Thumb Code   706  os_mutex.o(.text)
    OSMutexPendAbort                         0x0800d7cf   Thumb Code   314  os_mutex.o(.text)
    OSMutexPost                              0x0800d909   Thumb Code   564  os_mutex.o(.text)
    OS_MutexInit                             0x0800db3d   Thumb Code    14  os_mutex.o(.text)
    OS_PrioInit                              0x0800db6d   Thumb Code    20  os_prio.o(.text)
    OS_PrioGetHighest                        0x0800db81   Thumb Code    36  os_prio.o(.text)
    OS_PrioInsert                            0x0800dba5   Thumb Code    32  os_prio.o(.text)
    OS_PrioRemove                            0x0800dbc5   Thumb Code    32  os_prio.o(.text)
    OS_QDbgListAdd                           0x0800dbe9   Thumb Code    38  os_q.o(.text)
    OSQCreate                                0x0800dc0f   Thumb Code   186  os_q.o(.text)
    OS_QClr                                  0x0800dcc9   Thumb Code    40  os_q.o(.text)
    OS_QDbgListRemove                        0x0800dcf1   Thumb Code    44  os_q.o(.text)
    OSQDel                                   0x0800dd1d   Thumb Code   362  os_q.o(.text)
    OSQFlush                                 0x0800de87   Thumb Code   210  os_q.o(.text)
    OSQPend                                  0x0800df59   Thumb Code   538  os_q.o(.text)
    OSQPendAbort                             0x0800e173   Thumb Code   292  os_q.o(.text)
    OS_QPost                                 0x0800e297   Thumb Code   324  os_q.o(.text)
    OSQPost                                  0x0800e3db   Thumb Code   198  os_q.o(.text)
    OS_QInit                                 0x0800e4a1   Thumb Code    14  os_q.o(.text)
    OS_SemDbgListAdd                         0x0800e4c1   Thumb Code    38  os_sem.o(.text)
    OSSemCreate                              0x0800e4e7   Thumb Code   172  os_sem.o(.text)
    OS_SemClr                                0x0800e593   Thumb Code    28  os_sem.o(.text)
    OS_SemDbgListRemove                      0x0800e5af   Thumb Code    44  os_sem.o(.text)
    OSSemDel                                 0x0800e5db   Thumb Code   362  os_sem.o(.text)
    OSSemPend                                0x0800e745   Thumb Code   504  os_sem.o(.text)
    OSSemPendAbort                           0x0800e93d   Thumb Code   292  os_sem.o(.text)
    OS_SemPost                               0x0800ea61   Thumb Code   350  os_sem.o(.text)
    OSSemPost                                0x0800ebbf   Thumb Code   144  os_sem.o(.text)
    OSSemSet                                 0x0800ec4f   Thumb Code   138  os_sem.o(.text)
    OS_SemInit                               0x0800ecd9   Thumb Code    14  os_sem.o(.text)
    OSStatReset                              0x0800ecf1   Thumb Code   270  os_stat.o(.text)
    OSStatTaskCPUUsageInit                   0x0800edff   Thumb Code   212  os_stat.o(.text)
    OS_StatTask                              0x0800eed3   Thumb Code   888  os_stat.o(.text)
    OS_StatTaskInit                          0x0800f24b   Thumb Code   138  os_stat.o(.text)
    OSTaskChangePrio                         0x0800f329   Thumb Code   416  os_task.o(.text)
    OS_TaskDbgListAdd                        0x0800f4c9   Thumb Code    42  os_task.o(.text)
    OS_TaskInitTCB                           0x0800f4f3   Thumb Code   186  os_task.o(.text)
    OSTaskCreate                             0x0800f5ad   Thumb Code   616  os_task.o(.text)
    OS_TaskDbgListRemove                     0x0800f815   Thumb Code    64  os_task.o(.text)
    OSTaskDel                                0x0800f855   Thumb Code   424  os_task.o(.text)
    OSTaskQFlush                             0x0800f9fd   Thumb Code   214  os_task.o(.text)
    OSTaskQPend                              0x0800fad3   Thumb Code   554  os_task.o(.text)
    OSTaskQPendAbort                         0x0800fcfd   Thumb Code   242  os_task.o(.text)
    OS_TaskQPost                             0x0800fdef   Thumb Code   526  os_task.o(.text)
    OSTaskQPost                              0x0800fffd   Thumb Code   114  os_task.o(.text)
    OSTaskRegGet                             0x0801006f   Thumb Code    78  os_task.o(.text)
    OSTaskRegGetID                           0x080100bd   Thumb Code    84  os_task.o(.text)
    OSTaskRegSet                             0x08010111   Thumb Code    78  os_task.o(.text)
    OS_TaskResume                            0x0801015f   Thumb Code   314  os_task.o(.text)
    OSTaskResume                             0x08010299   Thumb Code   112  os_task.o(.text)
    OSTaskSemPend                            0x08010309   Thumb Code   550  os_task.o(.text)
    OSTaskSemPendAbort                       0x0801052f   Thumb Code   270  os_task.o(.text)
    OS_TaskSemPost                           0x0801063d   Thumb Code  1224  os_task.o(.text)
    OSTaskSemPost                            0x08010b05   Thumb Code    98  os_task.o(.text)
    OSTaskSemSet                             0x08010b67   Thumb Code    80  os_task.o(.text)
    OSTaskStkChk                             0x08010bb7   Thumb Code   224  os_task.o(.text)
    OS_TaskSuspend                           0x08010c97   Thumb Code   328  os_task.o(.text)
    OSTaskSuspend                            0x08010ddf   Thumb Code    78  os_task.o(.text)
    OSTaskTimeQuantaSet                      0x08010e2d   Thumb Code    96  os_task.o(.text)
    OS_TaskInit                              0x08010e8d   Thumb Code    18  os_task.o(.text)
    OS_TaskReturn                            0x08010e9f   Thumb Code    20  os_task.o(.text)
    OS_TickListRemove                        0x08010edd   Thumb Code    56  os_tick.o(.text)
    OS_TickListUpdate                        0x08010f15   Thumb Code   480  os_tick.o(.text)
    OS_TickTask                              0x080110f5   Thumb Code    38  os_tick.o(.text)
    OS_TickListInit                          0x0801111b   Thumb Code    32  os_tick.o(.text)
    OS_TickTaskInit                          0x0801113b   Thumb Code   130  os_tick.o(.text)
    OS_TickListInsert                        0x080111bd   Thumb Code   502  os_tick.o(.text)
    OS_TickListResetPeak                     0x080113b3   Thumb Code    28  os_tick.o(.text)
    OSTimeDly                                0x080113d9   Thumb Code   266  os_time.o(.text)
    OSTimeDlyHMSM                            0x080114e3   Thumb Code   480  os_time.o(.text)
    OSTimeDlyResume                          0x080116c3   Thumb Code   466  os_time.o(.text)
    OSTimeGet                                0x08011895   Thumb Code    46  os_time.o(.text)
    OSTimeSet                                0x080118c3   Thumb Code    46  os_time.o(.text)
    OSTimeTick                               0x080118f1   Thumb Code    54  os_time.o(.text)
    OS_TmrDbgListAdd                         0x0801193d   Thumb Code    34  os_tmr.o(.text)
    OSTmrCreate                              0x0801195f   Thumb Code   248  os_tmr.o(.text)
    OS_TmrClr                                0x08011a57   Thumb Code    36  os_tmr.o(.text)
    OS_TmrUnlink                             0x08011a7b   Thumb Code    72  os_tmr.o(.text)
    OS_TmrDbgListRemove                      0x08011ac3   Thumb Code    44  os_tmr.o(.text)
    OSTmrDel                                 0x08011aef   Thumb Code   176  os_tmr.o(.text)
    OSTmrRemainGet                           0x08011b9f   Thumb Code   184  os_tmr.o(.text)
    OS_TmrLink                               0x08011c57   Thumb Code   196  os_tmr.o(.text)
    OSTmrStart                               0x08011d1b   Thumb Code   210  os_tmr.o(.text)
    OSTmrStateGet                            0x08011ded   Thumb Code   134  os_tmr.o(.text)
    OSTmrStop                                0x08011e73   Thumb Code   232  os_tmr.o(.text)
    OS_TmrTask                               0x08011f5b   Thumb Code   176  os_tmr.o(.text)
    OS_TmrInit                               0x0801200b   Thumb Code   208  os_tmr.o(.text)
    OS_TmrResetPeak                          0x080120db   Thumb Code    28  os_tmr.o(.text)
    OSIdleTaskHook                           0x08012155   Thumb Code    16  os_cpu_c.o(.text)
    OSInitHook                               0x08012165   Thumb Code    28  os_cpu_c.o(.text)
    OSStatTaskHook                           0x08012181   Thumb Code    16  os_cpu_c.o(.text)
    OSTaskCreateHook                         0x08012191   Thumb Code    20  os_cpu_c.o(.text)
    OSTaskDelHook                            0x080121a5   Thumb Code    20  os_cpu_c.o(.text)
    OSTaskReturnHook                         0x080121b9   Thumb Code    20  os_cpu_c.o(.text)
    OSTaskStkInit                            0x080121cd   Thumb Code   600  os_cpu_c.o(.text)
    OSTaskSwHook                             0x08012425   Thumb Code   120  os_cpu_c.o(.text)
    OSTimeTickHook                           0x0801249d   Thumb Code    16  os_cpu_c.o(.text)
    OS_CPU_SysTickHandler                    0x080124ad   Thumb Code    52  os_cpu_c.o(.text)
    OS_CPU_SysTickInit                       0x080124e1   Thumb Code    44  os_cpu_c.o(.text)
    Yaw_Angle_Precision_Filter               0x0801254d   Thumb Code   132  canbustask.o(.text)
    Pluck_Angle_Precision_Filter             0x080125d1   Thumb Code   132  canbustask.o(.text)
    Pitch_Angle_Precision_Filter             0x08012655   Thumb Code   132  canbustask.o(.text)
    GetEncoderBias                           0x080126d9   Thumb Code    26  canbustask.o(.text)
    EncoderProcess                           0x080126f3   Thumb Code   288  canbustask.o(.text)
    CanReceiveMsgProcess                     0x08012813   Thumb Code   398  canbustask.o(.text)
    Set_CM_Speed                             0x080129a1   Thumb Code    92  canbustask.o(.text)
    Set_Gimbal_Current                       0x080129fd   Thumb Code    92  canbustask.o(.text)
    Get_Mode_Data                            0x08012a59   Thumb Code     8  remotetask.o(.text)
    Get_ch0_Data                             0x08012a61   Thumb Code     8  remotetask.o(.text)
    Get_ch1_Data                             0x08012a69   Thumb Code     8  remotetask.o(.text)
    Get_ch2_Data                             0x08012a71   Thumb Code     8  remotetask.o(.text)
    Get_ch3_Data                             0x08012a79   Thumb Code     8  remotetask.o(.text)
    Get_Mouse_X_Data                         0x08012a81   Thumb Code     8  remotetask.o(.text)
    Get_Mouse_Y_Data                         0x08012a89   Thumb Code     8  remotetask.o(.text)
    RC_Ctl_t_Init                            0x08012a91   Thumb Code    56  remotetask.o(.text)
    RemoteDataProcess                        0x08012ac9   Thumb Code   156  remotetask.o(.text)
    Chassis_And_Gimbal_Data_Init             0x08012b69   Thumb Code   108  pidcontroltask.o(.text)
    RAMP_INIT                                0x08012bd5   Thumb Code    52  pidcontroltask.o(.text)
    Set_Gimbal_Motor_Output                  0x08012c09   Thumb Code   130  pidcontroltask.o(.text)
    Gimbal_RC_Mode                           0x08012c8b   Thumb Code   368  pidcontroltask.o(.text)
    PID_calculate_speed_self                 0x08012dfb   Thumb Code   132  pidcontroltask.o(.text)
    PID_calculate_position_self              0x08012e7f   Thumb Code    86  pidcontroltask.o(.text)
    YUNTAI_SPEED                             0x08012ed5   Thumb Code    20  pidcontroltask.o(.text)
    PID_calculate_chassis_self               0x08012ee9   Thumb Code   270  pidcontroltask.o(.text)
    task1_task                               0x08012ff9   Thumb Code    82  starttask.o(.text)
    tmr1_callback                            0x0801304b   Thumb Code    20  starttask.o(.text)
    start_task                               0x0801305f   Thumb Code   254  starttask.o(.text)
    Yuntai_angle_speed                       0x08013185   Thumb Code  1332  dataprocessingtask.o(.text)
    FireSetSingle                            0x080136e5   Thumb Code    14  firetask.o(.text)
    FireOpen                                 0x080136f3   Thumb Code    14  firetask.o(.text)
    Firefast                                 0x08013701   Thumb Code    14  firetask.o(.text)
    PLUCK                                    0x0801370f   Thumb Code    58  firetask.o(.text)
    SHORT                                    0x08013749   Thumb Code    44  firetask.o(.text)
    pid_calculate                            0x08013789   Thumb Code   552  pid.o(.text)
    RampInit                                 0x080139b5   Thumb Code     8  ramp.o(.text)
    RampCalc                                 0x080139bd   Thumb Code    66  ramp.o(.text)
    RampSetCounter                           0x080139ff   Thumb Code     4  ramp.o(.text)
    RampResetCounter                         0x08013a03   Thumb Code     6  ramp.o(.text)
    RampSetScale                             0x08013a09   Thumb Code     4  ramp.o(.text)
    RampIsOverflow                           0x08013a0d   Thumb Code    18  ramp.o(.text)
    __use_no_semihosting                     0x08013a25   Thumb Code     2  use_no_semi_2.o(.text)
    __aeabi_uldivmod                         0x08013a27   Thumb Code     0  lludivv7m.o(.text)
    _ll_udiv                                 0x08013a27   Thumb Code   238  lludivv7m.o(.text)
    __2printf                                0x08013b15   Thumb Code    20  noretval__2printf.o(.text)
    __2sprintf                               0x08013b2d   Thumb Code    34  noretval__2sprintf.o(.text)
    _printf_pre_padding                      0x08013b55   Thumb Code    44  _printf_pad.o(.text)
    _printf_post_padding                     0x08013b81   Thumb Code    34  _printf_pad.o(.text)
    _printf_int_dec                          0x08013ba5   Thumb Code   104  _printf_dec.o(.text)
    __printf                                 0x08013c1d   Thumb Code   270  __printf_wp.o(.text)
    __use_two_region_memory                  0x08013d2b   Thumb Code     2  heapauxi.o(.text)
    __rt_heap_escrow$2region                 0x08013d2d   Thumb Code     2  heapauxi.o(.text)
    __rt_heap_expand$2region                 0x08013d2f   Thumb Code     2  heapauxi.o(.text)
    __I$use$semihosting                      0x08013d31   Thumb Code     0  use_no_semi.o(.text)
    __use_no_semihosting_swi                 0x08013d31   Thumb Code     2  use_no_semi.o(.text)
    _printf_int_common                       0x08013d33   Thumb Code   178  _printf_intcommon.o(.text)
    __lib_sel_fp_printf                      0x08013de5   Thumb Code     2  _printf_fp_dec.o(.text)
    _printf_fp_dec_real                      0x08013f97   Thumb Code   620  _printf_fp_dec.o(.text)
    _printf_char_common                      0x0801420f   Thumb Code    32  _printf_char_common.o(.text)
    _sputc                                   0x08014235   Thumb Code    10  _sputc.o(.text)
    _printf_char_file                        0x08014241   Thumb Code    32  _printf_char_file.o(.text)
    __rt_locale                              0x08014265   Thumb Code     8  rt_locale_intlibspace.o(.text)
    _ll_udiv10                               0x0801426d   Thumb Code   138  lludiv10.o(.text)
    _printf_fp_infnan                        0x080142f9   Thumb Code   112  _printf_fp_infnan.o(.text)
    _btod_etento                             0x08014379   Thumb Code   224  bigflt0.o(.text)
    ferror                                   0x0801445d   Thumb Code     8  ferror.o(.text)
    __user_libspace                          0x08014465   Thumb Code     8  libspace.o(.text)
    __user_perproc_libspace                  0x08014465   Thumb Code     0  libspace.o(.text)
    __user_perthread_libspace                0x08014465   Thumb Code     0  libspace.o(.text)
    __user_setup_stackheap                   0x0801446d   Thumb Code    74  sys_stackheap_outer.o(.text)
    exit                                     0x080144b7   Thumb Code    18  exit.o(.text)
    strcmp                                   0x080144c9   Thumb Code   128  strcmpv7m.o(.text)
    _btod_d2e                                0x08014549   Thumb Code    62  btod.o(CL$$btod_d2e)
    _d2e_denorm_low                          0x08014587   Thumb Code    70  btod.o(CL$$btod_d2e_denorm_low)
    _d2e_norm_op1                            0x080145cd   Thumb Code    96  btod.o(CL$$btod_d2e_norm_op1)
    __btod_div_common                        0x0801462d   Thumb Code   696  btod.o(CL$$btod_div_common)
    _e2e                                     0x08014965   Thumb Code   220  btod.o(CL$$btod_e2e)
    _btod_ediv                               0x08014a41   Thumb Code    42  btod.o(CL$$btod_ediv)
    _btod_emul                               0x08014a6b   Thumb Code    42  btod.o(CL$$btod_emul)
    __btod_mult_common                       0x08014a95   Thumb Code   580  btod.o(CL$$btod_mult_common)
    OSStartHighRdy                           0x08014cd9   Thumb Code     0  os_cpu_a.o(CODE)
    OSCtxSw                                  0x08014cfb   Thumb Code     0  os_cpu_a.o(CODE)
    OSIntCtxSw                               0x08014d05   Thumb Code     0  os_cpu_a.o(CODE)
    PendSV_Handler                           0x08014d0f   Thumb Code     0  os_cpu_a.o(CODE)
    __ARM_fpclassify                         0x08014d85   Thumb Code    48  fpclassify.o(i.__ARM_fpclassify)
    __hardfp_fabs                            0x08014db5   Thumb Code    20  fabs.o(i.__hardfp_fabs)
    _is_digit                                0x08014dc9   Thumb Code    14  __printf_wp.o(i._is_digit)
    _get_lc_numeric                          0x08014dd9   Thumb Code    44  lc_numeric_c.o(locale$$code)
    __aeabi_d2f                              0x08014e05   Thumb Code     0  d2f.o(x$fpl$d2f)
    _d2f                                     0x08014e05   Thumb Code    98  d2f.o(x$fpl$d2f)
    __aeabi_dadd                             0x08014e69   Thumb Code     0  daddsub_clz.o(x$fpl$dadd)
    _dadd                                    0x08014e69   Thumb Code   332  daddsub_clz.o(x$fpl$dadd)
    __fpl_dcmp_Inf                           0x08014fb9   Thumb Code    24  dcmpi.o(x$fpl$dcmpinf)
    __aeabi_ddiv                             0x08014fd1   Thumb Code     0  ddiv.o(x$fpl$ddiv)
    _ddiv                                    0x08014fd1   Thumb Code   552  ddiv.o(x$fpl$ddiv)
    __aeabi_d2uiz                            0x08015281   Thumb Code     0  dfixu.o(x$fpl$dfixu)
    _dfixu                                   0x08015281   Thumb Code    90  dfixu.o(x$fpl$dfixu)
    __aeabi_ui2d                             0x080152db   Thumb Code     0  dflt_clz.o(x$fpl$dfltu)
    _dfltu                                   0x080152db   Thumb Code    38  dflt_clz.o(x$fpl$dfltu)
    __aeabi_cdcmple                          0x08015301   Thumb Code     0  dleqf.o(x$fpl$dleqf)
    _dcmple                                  0x08015301   Thumb Code   120  dleqf.o(x$fpl$dleqf)
    __fpl_dcmple_InfNaN                      0x08015363   Thumb Code     0  dleqf.o(x$fpl$dleqf)
    __aeabi_dmul                             0x08015379   Thumb Code     0  dmul.o(x$fpl$dmul)
    _dmul                                    0x08015379   Thumb Code   332  dmul.o(x$fpl$dmul)
    __fpl_dnaninf                            0x080154cd   Thumb Code   156  dnaninf.o(x$fpl$dnaninf)
    __fpl_dretinf                            0x08015569   Thumb Code    12  dretinf.o(x$fpl$dretinf)
    __aeabi_cdrcmple                         0x08015575   Thumb Code     0  drleqf.o(x$fpl$drleqf)
    _drcmple                                 0x08015575   Thumb Code   108  drleqf.o(x$fpl$drleqf)
    __aeabi_dsub                             0x080155e1   Thumb Code     0  daddsub_clz.o(x$fpl$dsub)
    _dsub                                    0x080155e1   Thumb Code   464  daddsub_clz.o(x$fpl$dsub)
    __aeabi_f2d                              0x080157b5   Thumb Code     0  f2d.o(x$fpl$f2d)
    _f2d                                     0x080157b5   Thumb Code    86  f2d.o(x$fpl$f2d)
    __fpl_fnaninf                            0x0801580b   Thumb Code   140  fnaninf.o(x$fpl$fnaninf)
    _fp_init                                 0x08015897   Thumb Code    10  fpinit.o(x$fpl$fpinit)
    __fplib_config_fpu_vfp                   0x0801589f   Thumb Code     0  fpinit.o(x$fpl$fpinit)
    __fplib_config_pureend_doubles           0x0801589f   Thumb Code     0  fpinit.o(x$fpl$fpinit)
    __fpl_fretinf                            0x080158a1   Thumb Code    10  fretinf.o(x$fpl$fretinf)
    _printf_fp_dec                           0x080158ab   Thumb Code     4  printf1.o(x$fpl$printf1)
    __I$use$fp                               0x080158ae   Number         0  usenofp.o(x$fpl$usenofp)
    FSMC_DefaultTimingStruct                 0x080158b0   Data          28  stm32f4xx_fsmc.o(.constdata)
    asc2_1206                                0x080158cc   Data        1140  lcd.o(.constdata)
    asc2_1608                                0x08015d40   Data        1520  lcd.o(.constdata)
    asc2_2412                                0x08016330   Data        3420  lcd.o(.constdata)
    CPU_EndiannessTest                       0x0801718c   Data           4  cpu_core.o(.constdata)
    OSCfg_IdleTaskStkBasePtr                 0x08017224   Data           4  os_cfg_app.o(.constdata)
    OSCfg_IdleTaskStkLimit                   0x08017228   Data           4  os_cfg_app.o(.constdata)
    OSCfg_IdleTaskStkSize                    0x0801722c   Data           4  os_cfg_app.o(.constdata)
    OSCfg_IdleTaskStkSizeRAM                 0x08017230   Data           4  os_cfg_app.o(.constdata)
    OSCfg_IntQBasePtr                        0x08017234   Data           4  os_cfg_app.o(.constdata)
    OSCfg_IntQSize                           0x08017238   Data           2  os_cfg_app.o(.constdata)
    OSCfg_IntQSizeRAM                        0x0801723c   Data           4  os_cfg_app.o(.constdata)
    OSCfg_IntQTaskStkBasePtr                 0x08017240   Data           4  os_cfg_app.o(.constdata)
    OSCfg_IntQTaskStkLimit                   0x08017244   Data           4  os_cfg_app.o(.constdata)
    OSCfg_IntQTaskStkSize                    0x08017248   Data           4  os_cfg_app.o(.constdata)
    OSCfg_IntQTaskStkSizeRAM                 0x0801724c   Data           4  os_cfg_app.o(.constdata)
    OSCfg_ISRStkBasePtr                      0x08017250   Data           4  os_cfg_app.o(.constdata)
    OSCfg_ISRStkSize                         0x08017254   Data           4  os_cfg_app.o(.constdata)
    OSCfg_ISRStkSizeRAM                      0x08017258   Data           4  os_cfg_app.o(.constdata)
    OSCfg_MsgPoolSize                        0x0801725c   Data           2  os_cfg_app.o(.constdata)
    OSCfg_MsgPoolSizeRAM                     0x08017260   Data           4  os_cfg_app.o(.constdata)
    OSCfg_MsgPoolBasePtr                     0x08017264   Data           4  os_cfg_app.o(.constdata)
    OSCfg_StatTaskPrio                       0x08017268   Data           1  os_cfg_app.o(.constdata)
    OSCfg_StatTaskRate_Hz                    0x0801726c   Data           4  os_cfg_app.o(.constdata)
    OSCfg_StatTaskStkBasePtr                 0x08017270   Data           4  os_cfg_app.o(.constdata)
    OSCfg_StatTaskStkLimit                   0x08017274   Data           4  os_cfg_app.o(.constdata)
    OSCfg_StatTaskStkSize                    0x08017278   Data           4  os_cfg_app.o(.constdata)
    OSCfg_StatTaskStkSizeRAM                 0x0801727c   Data           4  os_cfg_app.o(.constdata)
    OSCfg_StkSizeMin                         0x08017280   Data           4  os_cfg_app.o(.constdata)
    OSCfg_TickRate_Hz                        0x08017284   Data           4  os_cfg_app.o(.constdata)
    OSCfg_TickTaskPrio                       0x08017288   Data           1  os_cfg_app.o(.constdata)
    OSCfg_TickTaskStkBasePtr                 0x0801728c   Data           4  os_cfg_app.o(.constdata)
    OSCfg_TickTaskStkLimit                   0x08017290   Data           4  os_cfg_app.o(.constdata)
    OSCfg_TickTaskStkSize                    0x08017294   Data           4  os_cfg_app.o(.constdata)
    OSCfg_TickTaskStkSizeRAM                 0x08017298   Data           4  os_cfg_app.o(.constdata)
    OSCfg_TickWheelSize                      0x0801729c   Data           2  os_cfg_app.o(.constdata)
    OSCfg_TickWheelSizeRAM                   0x080172a0   Data           4  os_cfg_app.o(.constdata)
    OSCfg_TmrTaskPrio                        0x080172a4   Data           1  os_cfg_app.o(.constdata)
    OSCfg_TmrTaskRate_Hz                     0x080172a8   Data           4  os_cfg_app.o(.constdata)
    OSCfg_TmrTaskStkBasePtr                  0x080172ac   Data           4  os_cfg_app.o(.constdata)
    OSCfg_TmrTaskStkLimit                    0x080172b0   Data           4  os_cfg_app.o(.constdata)
    OSCfg_TmrTaskStkSize                     0x080172b4   Data           4  os_cfg_app.o(.constdata)
    OSCfg_TmrTaskStkSizeRAM                  0x080172b8   Data           4  os_cfg_app.o(.constdata)
    OSCfg_TmrWheelSize                       0x080172bc   Data           2  os_cfg_app.o(.constdata)
    OSCfg_TmrWheelSizeRAM                    0x080172c0   Data           4  os_cfg_app.o(.constdata)
    OSCfg_DataSizeRAM                        0x080172c4   Data           4  os_cfg_app.o(.constdata)
    OSDbg_DbgEn                              0x080172c8   Data           2  os_dbg.o(.constdata)
    OSDbg_ArgChkEn                           0x080172ca   Data           1  os_dbg.o(.constdata)
    OSDbg_AppHooksEn                         0x080172cb   Data           1  os_dbg.o(.constdata)
    OSDbg_EndiannessTest                     0x080172cc   Data           4  os_dbg.o(.constdata)
    OSDbg_CalledFromISRChkEn                 0x080172d0   Data           1  os_dbg.o(.constdata)
    OSDbg_FlagEn                             0x080172d1   Data           1  os_dbg.o(.constdata)
    OSDbg_FlagGrp                            0x080172d4   Data          40  os_dbg.o(.constdata)
    OSDbg_FlagDelEn                          0x080172fc   Data           1  os_dbg.o(.constdata)
    OSDbg_FlagModeClrEn                      0x080172fd   Data           1  os_dbg.o(.constdata)
    OSDbg_FlagPendAbortEn                    0x080172fe   Data           1  os_dbg.o(.constdata)
    OSDbg_FlagGrpSize                        0x08017300   Data           2  os_dbg.o(.constdata)
    OSDbg_FlagWidth                          0x08017302   Data           2  os_dbg.o(.constdata)
    OSDbg_IntQ                               0x08017304   Data           2  os_dbg.o(.constdata)
    OSDbg_ISRPostDeferredEn                  0x08017306   Data           1  os_dbg.o(.constdata)
    OSDbg_Mem                                0x08017308   Data          32  os_dbg.o(.constdata)
    OSDbg_MemEn                              0x08017328   Data           1  os_dbg.o(.constdata)
    OSDbg_MemSize                            0x0801732a   Data           2  os_dbg.o(.constdata)
    OSDbg_MsgEn                              0x0801732c   Data           1  os_dbg.o(.constdata)
    OSDbg_MsgSize                            0x0801732e   Data           2  os_dbg.o(.constdata)
    OSDbg_MsgPoolSize                        0x08017330   Data           2  os_dbg.o(.constdata)
    OSDbg_MsgQSize                           0x08017332   Data           2  os_dbg.o(.constdata)
    OSDbg_Mutex                              0x08017334   Data          44  os_dbg.o(.constdata)
    OSDbg_MutexEn                            0x08017360   Data           1  os_dbg.o(.constdata)
    OSDbg_MutexDelEn                         0x08017361   Data           1  os_dbg.o(.constdata)
    OSDbg_MutexPendAbortEn                   0x08017362   Data           1  os_dbg.o(.constdata)
    OSDbg_MutexSize                          0x08017364   Data           2  os_dbg.o(.constdata)
    OSDbg_ObjTypeChkEn                       0x08017366   Data           1  os_dbg.o(.constdata)
    OSDbg_PendMultiEn                        0x08017367   Data           1  os_dbg.o(.constdata)
    OSDbg_PendDataSize                       0x08017368   Data           2  os_dbg.o(.constdata)
    OSDbg_PendListSize                       0x0801736a   Data           2  os_dbg.o(.constdata)
    OSDbg_PendObjSize                        0x0801736c   Data           2  os_dbg.o(.constdata)
    OSDbg_PrioMax                            0x0801736e   Data           2  os_dbg.o(.constdata)
    OSDbg_PrioTblSize                        0x08017370   Data           2  os_dbg.o(.constdata)
    OSDbg_PtrSize                            0x08017372   Data           2  os_dbg.o(.constdata)
    OSDbg_Q                                  0x08017374   Data          48  os_dbg.o(.constdata)
    OSDbg_QEn                                0x080173a4   Data           1  os_dbg.o(.constdata)
    OSDbg_QDelEn                             0x080173a5   Data           1  os_dbg.o(.constdata)
    OSDbg_QFlushEn                           0x080173a6   Data           1  os_dbg.o(.constdata)
    OSDbg_QPendAbortEn                       0x080173a7   Data           1  os_dbg.o(.constdata)
    OSDbg_QSize                              0x080173a8   Data           2  os_dbg.o(.constdata)
    OSDbg_SchedRoundRobinEn                  0x080173aa   Data           1  os_dbg.o(.constdata)
    OSDbg_Sem                                0x080173ac   Data          40  os_dbg.o(.constdata)
    OSDbg_SemEn                              0x080173d4   Data           1  os_dbg.o(.constdata)
    OSDbg_SemDelEn                           0x080173d5   Data           1  os_dbg.o(.constdata)
    OSDbg_SemPendAbortEn                     0x080173d6   Data           1  os_dbg.o(.constdata)
    OSDbg_SemSetEn                           0x080173d7   Data           1  os_dbg.o(.constdata)
    OSDbg_SemSize                            0x080173d8   Data           2  os_dbg.o(.constdata)
    OSDbg_RdyList                            0x080173da   Data           2  os_dbg.o(.constdata)
    OSDbg_RdyListSize                        0x080173dc   Data           4  os_dbg.o(.constdata)
    OSDbg_StkWidth                           0x080173e0   Data           1  os_dbg.o(.constdata)
    OSDbg_StatTaskEn                         0x080173e1   Data           1  os_dbg.o(.constdata)
    OSDbg_StatTaskStkChkEn                   0x080173e2   Data           1  os_dbg.o(.constdata)
    OSDbg_TaskChangePrioEn                   0x080173e3   Data           1  os_dbg.o(.constdata)
    OSDbg_TaskDelEn                          0x080173e4   Data           1  os_dbg.o(.constdata)
    OSDbg_TaskQEn                            0x080173e5   Data           1  os_dbg.o(.constdata)
    OSDbg_TaskQPendAbortEn                   0x080173e6   Data           1  os_dbg.o(.constdata)
    OSDbg_TaskProfileEn                      0x080173e7   Data           1  os_dbg.o(.constdata)
    OSDbg_TaskRegTblSize                     0x080173e8   Data           2  os_dbg.o(.constdata)
    OSDbg_TaskSemPendAbortEn                 0x080173ea   Data           1  os_dbg.o(.constdata)
    OSDbg_TaskSuspendEn                      0x080173eb   Data           1  os_dbg.o(.constdata)
    OSDbg_TCBSize                            0x080173ec   Data           2  os_dbg.o(.constdata)
    OSDbg_TickSpokeSize                      0x080173ee   Data           2  os_dbg.o(.constdata)
    OSDbg_TimeDlyHMSMEn                      0x080173f0   Data           1  os_dbg.o(.constdata)
    OSDbg_TimeDlyResumeEn                    0x080173f1   Data           1  os_dbg.o(.constdata)
    OSDbg_TLS_TblSize                        0x080173f2   Data           2  os_dbg.o(.constdata)
    OSDbg_Tmr                                0x080173f4   Data          52  os_dbg.o(.constdata)
    OSDbg_TmrEn                              0x08017428   Data           1  os_dbg.o(.constdata)
    OSDbg_TmrDelEn                           0x08017429   Data           1  os_dbg.o(.constdata)
    OSDbg_TmrSize                            0x0801742a   Data           2  os_dbg.o(.constdata)
    OSDbg_TmrSpokeSize                       0x0801742c   Data           2  os_dbg.o(.constdata)
    OSDbg_VersionNbr                         0x0801742e   Data           2  os_dbg.o(.constdata)
    OSDbg_DataSize                           0x08017430   Data           4  os_dbg.o(.constdata)
    Region$$Table$$Base                      0x080174c8   Number         0  anon$$obj.o(Region$$Table)
    Region$$Table$$Limit                     0x080174e8   Number         0  anon$$obj.o(Region$$Table)
    SystemCoreClock                          0x20000000   Data           4  system_stm32f4xx.o(.data)
    AHBPrescTable                            0x20000004   Data          16  system_stm32f4xx.o(.data)
    __stdout                                 0x20000028   Data           4  usart.o(.data)
    USART_RX_STA                             0x2000002c   Data           2  usart.o(.data)
    POINT_COLOR                              0x2000002e   Data           2  lcd.o(.data)
    BACK_COLOR                               0x20000030   Data           2  lcd.o(.data)
    USART3_RX_STA                            0x20000032   Data           2  usart3.o(.data)
    stcTime                                  0x20000034   Data           8  mpu9250.o(.data)
    stcAcc                                   0x2000003c   Data           8  mpu9250.o(.data)
    stcGyro                                  0x20000044   Data           8  mpu9250.o(.data)
    stcAngle                                 0x2000004c   Data           8  mpu9250.o(.data)
    stcMag                                   0x20000054   Data           8  mpu9250.o(.data)
    stcDStatus                               0x2000005c   Data           8  mpu9250.o(.data)
    stcPress                                 0x20000064   Data           8  mpu9250.o(.data)
    stcLonLat                                0x2000006c   Data           8  mpu9250.o(.data)
    stcGPSV                                  0x20000074   Data           8  mpu9250.o(.data)
    stcQ                                     0x2000007c   Data           8  mpu9250.o(.data)
    CPU_TS_TmrFreq_Hz                        0x20000088   Data           4  cpu_core.o(.data)
    Mem_PoolTbl                              0x2000008c   Data           4  lib_mem.o(.data)
    OSPrioTbl                                0x20000090   Data           8  os_prio.o(.data)
    OS_AppTaskCreateHookPtr                  0x20000098   Data           4  os_var.o(.data)
    OS_AppTaskDelHookPtr                     0x2000009c   Data           4  os_var.o(.data)
    OS_AppTaskReturnHookPtr                  0x200000a0   Data           4  os_var.o(.data)
    OS_AppIdleTaskHookPtr                    0x200000a4   Data           4  os_var.o(.data)
    OS_AppStatTaskHookPtr                    0x200000a8   Data           4  os_var.o(.data)
    OS_AppTaskSwHookPtr                      0x200000ac   Data           4  os_var.o(.data)
    OS_AppTimeTickHookPtr                    0x200000b0   Data           4  os_var.o(.data)
    OSIdleTaskCtr                            0x200000b4   Data           4  os_var.o(.data)
    OSIntNestingCtr                          0x200000b8   Data           1  os_var.o(.data)
    OSRunning                                0x200000b9   Data           1  os_var.o(.data)
    OSIntQInPtr                              0x200000bc   Data           4  os_var.o(.data)
    OSIntQOutPtr                             0x200000c0   Data           4  os_var.o(.data)
    OSIntQNbrEntries                         0x200000c4   Data           2  os_var.o(.data)
    OSIntQNbrEntriesMax                      0x200000c6   Data           2  os_var.o(.data)
    OSIntQOvfCtr                             0x200000c8   Data           2  os_var.o(.data)
    OSIntQTaskTimeMax                        0x200000cc   Data           4  os_var.o(.data)
    OSFlagDbgListPtr                         0x200000d0   Data           4  os_var.o(.data)
    OSFlagQty                                0x200000d4   Data           2  os_var.o(.data)
    OSMemDbgListPtr                          0x200000d8   Data           4  os_var.o(.data)
    OSMemQty                                 0x200000dc   Data           2  os_var.o(.data)
    OSMutexDbgListPtr                        0x200000e0   Data           4  os_var.o(.data)
    OSMutexQty                               0x200000e4   Data           2  os_var.o(.data)
    OSPrioCur                                0x200000e6   Data           1  os_var.o(.data)
    OSPrioHighRdy                            0x200000e7   Data           1  os_var.o(.data)
    OSPrioSaved                              0x200000e8   Data           1  os_var.o(.data)
    OSQDbgListPtr                            0x200000ec   Data           4  os_var.o(.data)
    OSQQty                                   0x200000f0   Data           2  os_var.o(.data)
    OSSchedLockTimeBegin                     0x200000f4   Data           4  os_var.o(.data)
    OSSchedLockTimeMax                       0x200000f8   Data           4  os_var.o(.data)
    OSSchedLockTimeMaxCur                    0x200000fc   Data           4  os_var.o(.data)
    OSSchedLockNestingCtr                    0x20000100   Data           1  os_var.o(.data)
    OSSchedRoundRobinDfltTimeQuanta          0x20000104   Data           4  os_var.o(.data)
    OSSchedRoundRobinEn                      0x20000108   Data           1  os_var.o(.data)
    OSSemDbgListPtr                          0x2000010c   Data           4  os_var.o(.data)
    OSSemQty                                 0x20000110   Data           2  os_var.o(.data)
    OSStatResetFlag                          0x20000112   Data           1  os_var.o(.data)
    OSStatTaskCPUUsage                       0x20000114   Data           2  os_var.o(.data)
    OSStatTaskCPUUsageMax                    0x20000116   Data           2  os_var.o(.data)
    OSStatTaskCtr                            0x20000118   Data           4  os_var.o(.data)
    OSStatTaskCtrMax                         0x2000011c   Data           4  os_var.o(.data)
    OSStatTaskCtrRun                         0x20000120   Data           4  os_var.o(.data)
    OSStatTaskRdy                            0x20000124   Data           1  os_var.o(.data)
    OSStatTaskTimeMax                        0x20000128   Data           4  os_var.o(.data)
    OSTaskCtxSwCtr                           0x2000012c   Data           4  os_var.o(.data)
    OSTaskDbgListPtr                         0x20000130   Data           4  os_var.o(.data)
    OSTaskQty                                0x20000134   Data           2  os_var.o(.data)
    OSTaskRegNextAvailID                     0x20000136   Data           1  os_var.o(.data)
    OSTickCtr                                0x20000138   Data           4  os_var.o(.data)
    OSTickTaskTimeMax                        0x2000013c   Data           4  os_var.o(.data)
    OSTmrDbgListPtr                          0x20000140   Data           4  os_var.o(.data)
    OSTmrQty                                 0x20000144   Data           2  os_var.o(.data)
    OSTmrTaskTimeMax                         0x20000148   Data           4  os_var.o(.data)
    OSTmrTickCtr                             0x2000014c   Data           4  os_var.o(.data)
    OSTmrUpdateCnt                           0x20000150   Data           4  os_var.o(.data)
    OSTmrUpdateCtr                           0x20000154   Data           4  os_var.o(.data)
    OSTCBCurPtr                              0x20000158   Data           4  os_var.o(.data)
    OSTCBHighRdyPtr                          0x2000015c   Data           4  os_var.o(.data)
    OS_CPU_ExceptStkBase                     0x20000160   Data           4  os_cpu_c.o(.data)
    ZGyroModuleAngle                         0x20000168   Data           4  canbustask.o(.data)
    GMPitchRamp                              0x20000188   Data          36  pidcontroltask.o(.data)
    GMYawRamp                                0x200001ac   Data          36  pidcontroltask.o(.data)
    GMPluckRamp                              0x200001d0   Data          36  pidcontroltask.o(.data)
    PID_pitchPosition_value                  0x200001f4   Data           8  pidcontroltask.o(.data)
    PID_yawPosition_value                    0x200001fc   Data           8  pidcontroltask.o(.data)
    PID_pluckPosition_value                  0x20000204   Data           8  pidcontroltask.o(.data)
    PID_pitchSpeed_value                     0x2000020c   Data           8  pidcontroltask.o(.data)
    PID_yawSpeed_value                       0x20000214   Data           8  pidcontroltask.o(.data)
    PID_pluckSpeed_value                     0x2000021c   Data           8  pidcontroltask.o(.data)
    PID_CM1_value                            0x20000224   Data           8  pidcontroltask.o(.data)
    PID_CM2_value                            0x2000022c   Data           8  pidcontroltask.o(.data)
    PID_CM3_value                            0x20000234   Data           8  pidcontroltask.o(.data)
    PID_CM4_value                            0x2000023c   Data           8  pidcontroltask.o(.data)
    CM1pid                                   0x20000244   Data          84  pidcontroltask.o(.data)
    CM2pid                                   0x20000298   Data          84  pidcontroltask.o(.data)
    CM3pid                                   0x200002ec   Data          84  pidcontroltask.o(.data)
    CM4pid                                   0x20000340   Data          84  pidcontroltask.o(.data)
    YAWPpid                                  0x20000394   Data          84  pidcontroltask.o(.data)
    PITCHPpid                                0x200003e8   Data          84  pidcontroltask.o(.data)
    YAWSpid                                  0x2000043c   Data          84  pidcontroltask.o(.data)
    PITCHSpid                                0x20000490   Data          84  pidcontroltask.o(.data)
    PLUCKPpid                                0x200004e4   Data          84  pidcontroltask.o(.data)
    PLUCKSpid                                0x20000538   Data          84  pidcontroltask.o(.data)
    StartTaskTCB                             0x200005cc   Data         196  main.o(.bss)
    START_TASK_STK                           0x20000690   Data        2048  main.o(.bss)
    DataScope_OutPut_Buffer                  0x20000e90   Data          42  sprintf.o(.bss)
    lcddev                                   0x20000eba   Data          14  lcd.o(.bss)
    sbus_rx_buffer                           0x20000ec8   Data          25  usart2.o(.bss)
    USART3_RX_BUF                            0x20000ee1   Data         200  usart3.o(.bss)
    mpu9250                                  0x20000fac   Data          12  mpu9250.o(.bss)
    CPU_Name                                 0x200010b2   Data          16  cpu_core.o(.bss)
    Mem_PoolHeap                             0x200010c4   Data          72  lib_mem.o(.bss)
    Mem_Heap                                 0x2000110c   Data        1024  lib_mem.o(.bss)
    OSCfg_IdleTaskStk                        0x2000150c   Data         512  os_cfg_app.o(.bss)
    OSCfg_IntQ                               0x2000170c   Data         320  os_cfg_app.o(.bss)
    OSCfg_IntQTaskStk                        0x2000184c   Data         512  os_cfg_app.o(.bss)
    OSCfg_ISRStk                             0x20001a4c   Data         512  os_cfg_app.o(.bss)
    OSCfg_MsgPool                            0x20001c4c   Data        1600  os_cfg_app.o(.bss)
    OSCfg_StatTaskStk                        0x2000228c   Data         512  os_cfg_app.o(.bss)
    OSCfg_TickTaskStk                        0x2000248c   Data         512  os_cfg_app.o(.bss)
    OSCfg_TickWheel                          0x2000268c   Data         136  os_cfg_app.o(.bss)
    OSCfg_TmrTaskStk                         0x20002714   Data         512  os_cfg_app.o(.bss)
    OSCfg_TmrWheel                           0x20002914   Data         136  os_cfg_app.o(.bss)
    OSIdleTaskTCB                            0x2000299c   Data         196  os_var.o(.bss)
    OSIntQTaskTCB                            0x20002a60   Data         196  os_var.o(.bss)
    OSMsgPool                                0x20002b24   Data          12  os_var.o(.bss)
    OSRdyList                                0x20002b30   Data         768  os_var.o(.bss)
    OSStatTaskTCB                            0x20002e30   Data         196  os_var.o(.bss)
    OSTickTaskTCB                            0x20002ef4   Data         196  os_var.o(.bss)
    OSTmrTaskTCB                             0x20002fb8   Data         196  os_var.o(.bss)
    CM1Encoder                               0x2000307c   Data          72  canbustask.o(.bss)
    CM2Encoder                               0x200030c4   Data          72  canbustask.o(.bss)
    CM3Encoder                               0x2000310c   Data          72  canbustask.o(.bss)
    CM4Encoder                               0x20003154   Data          72  canbustask.o(.bss)
    GMYawEncoder                             0x2000319c   Data          72  canbustask.o(.bss)
    GMPitchEncoder                           0x200031e4   Data          72  canbustask.o(.bss)
    GMPluckEncoder                           0x2000322c   Data          72  canbustask.o(.bss)
    RC_Ctl                                   0x20003274   Data          22  remotetask.o(.bss)
    gimbal_ref                               0x2000328c   Data          44  pidcontroltask.o(.bss)
    Position_pitchPID                        0x200032b8   Data          24  pidcontroltask.o(.bss)
    Position_yawPID                          0x200032d0   Data          24  pidcontroltask.o(.bss)
    Position_pluckPID                        0x200032e8   Data          24  pidcontroltask.o(.bss)
    Speed_pitchPID                           0x20003300   Data          24  pidcontroltask.o(.bss)
    Speed_yawPID                             0x20003318   Data          24  pidcontroltask.o(.bss)
    Speed_pluckPID                           0x20003330   Data          24  pidcontroltask.o(.bss)
    PID_Angle_Speed                          0x20003348   Data          24  pidcontroltask.o(.bss)
    Task1_TaskTCB                            0x20003360   Data         196  starttask.o(.bss)
    TASK1_TASK_STK                           0x20003424   Data        1024  starttask.o(.bss)
    Sprintf_TaskTCB                          0x20003824   Data         196  starttask.o(.bss)
    SPRINTF_TASK_STK                         0x200038e8   Data        1024  starttask.o(.bss)
    tmr1                                     0x20003ce8   Data          52  starttask.o(.bss)
    __libspace_start                         0x20003d94   Data          96  libspace.o(.bss)
    __temporary_stack_top$libspace           0x20003df4   Data           0  libspace.o(.bss)



==============================================================================

Memory Map of the image

  Image Entry point : 0x08000189

  Load Region LR_IROM1 (Base: 0x08000000, Size: 0x00017ad0, Max: 0x00100000, ABSOLUTE, COMPRESSED[0x000175a0])

    Execution Region ER_IROM1 (Exec base: 0x08000000, Load base: 0x08000000, Size: 0x00017504, Max: 0x00100000, ABSOLUTE)

    Exec Addr    Load Addr    Size         Type   Attr      Idx    E Section Name        Object

    0x08000000   0x08000000   0x00000188   Data   RO          461    RESET               startup_stm32f40_41xxx.o
    0x08000188   0x08000188   0x00000008   Code   RO         2225  * !!!main             c_w.l(__main.o)
    0x08000190   0x08000190   0x00000034   Code   RO         2501    !!!scatter          c_w.l(__scatter.o)
    0x080001c4   0x080001c4   0x0000005a   Code   RO         2499    !!dczerorl2         c_w.l(__dczerorl2.o)
    0x0800021e   0x0800021e   0x00000002   PAD
    0x08000220   0x08000220   0x0000001c   Code   RO         2503    !!handler_zi        c_w.l(__scatter_zi.o)
    0x0800023c   0x0800023c   0x00000000   Code   RO         2222    .ARM.Collect$$_printf_percent$$00000000  c_w.l(_printf_percent.o)
    0x0800023c   0x0800023c   0x00000006   Code   RO         2221    .ARM.Collect$$_printf_percent$$00000003  c_w.l(_printf_f.o)
    0x08000242   0x08000242   0x00000006   Code   RO         2220    .ARM.Collect$$_printf_percent$$00000009  c_w.l(_printf_d.o)
    0x08000248   0x08000248   0x00000004   Code   RO         2282    .ARM.Collect$$_printf_percent$$00000017  c_w.l(_printf_percent_end.o)
    0x0800024c   0x0800024c   0x00000002   Code   RO         2376    .ARM.Collect$$libinit$$00000000  c_w.l(libinit.o)
    0x0800024e   0x0800024e   0x00000004   Code   RO         2377    .ARM.Collect$$libinit$$00000001  c_w.l(libinit2.o)
    0x08000252   0x08000252   0x00000000   Code   RO         2380    .ARM.Collect$$libinit$$00000004  c_w.l(libinit2.o)
    0x08000252   0x08000252   0x00000000   Code   RO         2383    .ARM.Collect$$libinit$$0000000A  c_w.l(libinit2.o)
    0x08000252   0x08000252   0x00000000   Code   RO         2385    .ARM.Collect$$libinit$$0000000C  c_w.l(libinit2.o)
    0x08000252   0x08000252   0x00000000   Code   RO         2387    .ARM.Collect$$libinit$$0000000E  c_w.l(libinit2.o)
    0x08000252   0x08000252   0x00000006   Code   RO         2388    .ARM.Collect$$libinit$$0000000F  c_w.l(libinit2.o)
    0x08000258   0x08000258   0x00000000   Code   RO         2390    .ARM.Collect$$libinit$$00000011  c_w.l(libinit2.o)
    0x08000258   0x08000258   0x00000000   Code   RO         2392    .ARM.Collect$$libinit$$00000013  c_w.l(libinit2.o)
    0x08000258   0x08000258   0x00000000   Code   RO         2394    .ARM.Collect$$libinit$$00000015  c_w.l(libinit2.o)
    0x08000258   0x08000258   0x0000000a   Code   RO         2395    .ARM.Collect$$libinit$$00000016  c_w.l(libinit2.o)
    0x08000262   0x08000262   0x00000000   Code   RO         2396    .ARM.Collect$$libinit$$00000017  c_w.l(libinit2.o)
    0x08000262   0x08000262   0x00000000   Code   RO         2398    .ARM.Collect$$libinit$$00000019  c_w.l(libinit2.o)
    0x08000262   0x08000262   0x00000000   Code   RO         2400    .ARM.Collect$$libinit$$0000001B  c_w.l(libinit2.o)
    0x08000262   0x08000262   0x00000000   Code   RO         2402    .ARM.Collect$$libinit$$0000001D  c_w.l(libinit2.o)
    0x08000262   0x08000262   0x00000000   Code   RO         2404    .ARM.Collect$$libinit$$0000001F  c_w.l(libinit2.o)
    0x08000262   0x08000262   0x00000000   Code   RO         2406    .ARM.Collect$$libinit$$00000021  c_w.l(libinit2.o)
    0x08000262   0x08000262   0x00000000   Code   RO         2408    .ARM.Collect$$libinit$$00000023  c_w.l(libinit2.o)
    0x08000262   0x08000262   0x00000000   Code   RO         2410    .ARM.Collect$$libinit$$00000025  c_w.l(libinit2.o)
    0x08000262   0x08000262   0x00000000   Code   RO         2414    .ARM.Collect$$libinit$$0000002C  c_w.l(libinit2.o)
    0x08000262   0x08000262   0x00000000   Code   RO         2416    .ARM.Collect$$libinit$$0000002E  c_w.l(libinit2.o)
    0x08000262   0x08000262   0x00000000   Code   RO         2418    .ARM.Collect$$libinit$$00000030  c_w.l(libinit2.o)
    0x08000262   0x08000262   0x00000000   Code   RO         2420    .ARM.Collect$$libinit$$00000032  c_w.l(libinit2.o)
    0x08000262   0x08000262   0x00000002   Code   RO         2421    .ARM.Collect$$libinit$$00000033  c_w.l(libinit2.o)
    0x08000264   0x08000264   0x00000002   Code   RO         2463    .ARM.Collect$$libshutdown$$00000000  c_w.l(libshutdown.o)
    0x08000266   0x08000266   0x00000000   Code   RO         2482    .ARM.Collect$$libshutdown$$00000002  c_w.l(libshutdown2.o)
    0x08000266   0x08000266   0x00000000   Code   RO         2484    .ARM.Collect$$libshutdown$$00000004  c_w.l(libshutdown2.o)
    0x08000266   0x08000266   0x00000000   Code   RO         2487    .ARM.Collect$$libshutdown$$00000007  c_w.l(libshutdown2.o)
    0x08000266   0x08000266   0x00000000   Code   RO         2490    .ARM.Collect$$libshutdown$$0000000A  c_w.l(libshutdown2.o)
    0x08000266   0x08000266   0x00000000   Code   RO         2492    .ARM.Collect$$libshutdown$$0000000C  c_w.l(libshutdown2.o)
    0x08000266   0x08000266   0x00000000   Code   RO         2495    .ARM.Collect$$libshutdown$$0000000F  c_w.l(libshutdown2.o)
    0x08000266   0x08000266   0x00000002   Code   RO         2496    .ARM.Collect$$libshutdown$$00000010  c_w.l(libshutdown2.o)
    0x08000268   0x08000268   0x00000000   Code   RO         2267    .ARM.Collect$$rtentry$$00000000  c_w.l(__rtentry.o)
    0x08000268   0x08000268   0x00000000   Code   RO         2295    .ARM.Collect$$rtentry$$00000002  c_w.l(__rtentry2.o)
    0x08000268   0x08000268   0x00000006   Code   RO         2307    .ARM.Collect$$rtentry$$00000004  c_w.l(__rtentry4.o)
    0x0800026e   0x0800026e   0x00000000   Code   RO         2297    .ARM.Collect$$rtentry$$00000009  c_w.l(__rtentry2.o)
    0x0800026e   0x0800026e   0x00000004   Code   RO         2298    .ARM.Collect$$rtentry$$0000000A  c_w.l(__rtentry2.o)
    0x08000272   0x08000272   0x00000000   Code   RO         2300    .ARM.Collect$$rtentry$$0000000C  c_w.l(__rtentry2.o)
    0x08000272   0x08000272   0x00000008   Code   RO         2301    .ARM.Collect$$rtentry$$0000000D  c_w.l(__rtentry2.o)
    0x0800027a   0x0800027a   0x00000002   Code   RO         2422    .ARM.Collect$$rtexit$$00000000  c_w.l(rtexit.o)
    0x0800027c   0x0800027c   0x00000000   Code   RO         2435    .ARM.Collect$$rtexit$$00000002  c_w.l(rtexit2.o)
    0x0800027c   0x0800027c   0x00000004   Code   RO         2436    .ARM.Collect$$rtexit$$00000003  c_w.l(rtexit2.o)
    0x08000280   0x08000280   0x00000006   Code   RO         2437    .ARM.Collect$$rtexit$$00000004  c_w.l(rtexit2.o)
    0x08000286   0x08000286   0x00000002   PAD
    0x08000288   0x08000288   0x0000013c   Code   RO            3    .text               main.o
    0x080003c4   0x080003c4   0x00000016   Code   RO          284    .text               stm32f4xx_it.o
    0x080003da   0x080003da   0x00000002   PAD
    0x080003dc   0x080003dc   0x00000210   Code   RO          307    .text               system_stm32f4xx.o
    0x080005ec   0x080005ec   0x00000040   Code   RO          333    .text               led.o
    0x0800062c   0x0800062c   0x000002fc   Code   RO          379    .text               sprintf.o
    0x08000928   0x08000928   0x00000080   Code   RO          421    .text               tim3.o
    0x080009a8   0x080009a8   0x000000a0   Code   RO          441    .text               tim4.o
    0x08000a48   0x08000a48   0x00000040   Code   RO          462    .text               startup_stm32f40_41xxx.o
    0x08000a88   0x08000a88   0x000000e0   Code   RO          468    .text               misc.o
    0x08000b68   0x08000b68   0x00000294   Code   RO          488    .text               stm32f4xx_gpio.o
    0x08000dfc   0x08000dfc   0x0000065c   Code   RO          508    .text               stm32f4xx_rcc.o
    0x08001458   0x08001458   0x00000454   Code   RO          550    .text               stm32f4xx_usart.o
    0x080018ac   0x080018ac   0x000009f0   Code   RO          590    .text               stm32f4xx_can.o
    0x0800229c   0x0800229c   0x000003a8   Code   RO          770    .text               stm32f4xx_dma.o
    0x08002644   0x08002644   0x000005c8   Code   RO          876    .text               stm32f4xx_fsmc.o
    0x08002c0c   0x08002c0c   0x00000ca2   Code   RO         1145    .text               stm32f4xx_tim.o
    0x080038ae   0x080038ae   0x00000002   PAD
    0x080038b0   0x080038b0   0x00000148   Code   RO         1185    .text               delay.o
    0x080039f8   0x080039f8   0x000000f0   Code   RO         1225    .text               usart.o
    0x08003ae8   0x08003ae8   0x0000016c   Code   RO         1256    .text               can1.o
    0x08003c54   0x08003c54   0x00000160   Code   RO         1276    .text               can2.o
    0x08003db4   0x08003db4   0x00004c64   Code   RO         1302    .text               lcd.o
    0x08008a18   0x08008a18   0x00000154   Code   RO         1343    .text               usart2.o
    0x08008b6c   0x08008b6c   0x0000015c   Code   RO         1366    .text               usart3.o
    0x08008cc8   0x08008cc8   0x00000198   Code   RO         1393    .text               mpu9250.o
    0x08008e60   0x08008e60   0x00000084   Code   RO         1417    .text               bsp.o
    0x08008ee4   0x08008ee4   0x000002a8   Code   RO         1450    .text               cpu_core.o
    0x0800918c   0x0800918c   0x00000034   Code   RO         1476    .text               cpu_a.o
    0x080091c0   0x080091c0   0x00000256   Code   RO         1479    .text               lib_ascii.o
    0x08009416   0x08009416   0x00000002   PAD
    0x08009418   0x08009418   0x000009c6   Code   RO         1512    .text               lib_mem.o
    0x08009dde   0x08009dde   0x00000002   PAD
    0x08009de0   0x08009de0   0x0000092c   Code   RO         1531    .text               lib_str.o
    0x0800a70c   0x0800a70c   0x00000220   Code   RO         1548    .text               lib_mem_a.o
    0x0800a92c   0x0800a92c   0x000000fc   Code   RO         1551    .text               os_cfg_app.o
    0x0800aa28   0x0800aa28   0x00000df0   Code   RO         1574    .text               os_core.o
    0x0800b818   0x0800b818   0x000001b0   Code   RO         1586    .text               os_dbg.o
    0x0800b9c8   0x0800b9c8   0x00000e28   Code   RO         1601    .text               os_flag.o
    0x0800c7f0   0x0800c7f0   0x00000444   Code   RO         1613    .text               os_int.o
    0x0800cc34   0x0800cc34   0x00000238   Code   RO         1625    .text               os_mem.o
    0x0800ce6c   0x0800ce6c   0x0000022c   Code   RO         1637    .text               os_msg.o
    0x0800d098   0x0800d098   0x00000ad4   Code   RO         1649    .text               os_mutex.o
    0x0800db6c   0x0800db6c   0x0000007c   Code   RO         1667    .text               os_prio.o
    0x0800dbe8   0x0800dbe8   0x000008d8   Code   RO         1686    .text               os_q.o
    0x0800e4c0   0x0800e4c0   0x00000830   Code   RO         1698    .text               os_sem.o
    0x0800ecf0   0x0800ecf0   0x00000638   Code   RO         1710    .text               os_stat.o
    0x0800f328   0x0800f328   0x00001bb4   Code   RO         1722    .text               os_task.o
    0x08010edc   0x08010edc   0x000004fc   Code   RO         1734    .text               os_tick.o
    0x080113d8   0x080113d8   0x00000564   Code   RO         1746    .text               os_time.o
    0x0801193c   0x0801193c   0x00000818   Code   RO         1758    .text               os_tmr.o
    0x08012154   0x08012154   0x000003f8   Code   RO         1786    .text               os_cpu_c.o
    0x0801254c   0x0801254c   0x0000050c   Code   RO         1827    .text               canbustask.o
    0x08012a58   0x08012a58   0x00000110   Code   RO         1854    .text               remotetask.o
    0x08012b68   0x08012b68   0x0000048e   Code   RO         1877    .text               pidcontroltask.o
    0x08012ff6   0x08012ff6   0x00000002   PAD
    0x08012ff8   0x08012ff8   0x0000018c   Code   RO         1901    .text               starttask.o
    0x08013184   0x08013184   0x00000560   Code   RO         1924    .text               dataprocessingtask.o
    0x080136e4   0x080136e4   0x000000a4   Code   RO         1947    .text               firetask.o
    0x08013788   0x08013788   0x0000022c   Code   RO         1969    .text               pid.o
    0x080139b4   0x080139b4   0x00000070   Code   RO         1990    .text               RMLib.lib(ramp.o)
    0x08013a24   0x08013a24   0x00000002   Code   RO         2182    .text               c_w.l(use_no_semi_2.o)
    0x08013a26   0x08013a26   0x000000ee   Code   RO         2184    .text               c_w.l(lludivv7m.o)
    0x08013b14   0x08013b14   0x00000018   Code   RO         2190    .text               c_w.l(noretval__2printf.o)
    0x08013b2c   0x08013b2c   0x00000028   Code   RO         2192    .text               c_w.l(noretval__2sprintf.o)
    0x08013b54   0x08013b54   0x0000004e   Code   RO         2196    .text               c_w.l(_printf_pad.o)
    0x08013ba2   0x08013ba2   0x00000002   PAD
    0x08013ba4   0x08013ba4   0x00000078   Code   RO         2198    .text               c_w.l(_printf_dec.o)
    0x08013c1c   0x08013c1c   0x0000010e   Code   RO         2208    .text               c_w.l(__printf_wp.o)
    0x08013d2a   0x08013d2a   0x00000006   Code   RO         2223    .text               c_w.l(heapauxi.o)
    0x08013d30   0x08013d30   0x00000002   Code   RO         2265    .text               c_w.l(use_no_semi.o)
    0x08013d32   0x08013d32   0x000000b2   Code   RO         2272    .text               c_w.l(_printf_intcommon.o)
    0x08013de4   0x08013de4   0x0000041e   Code   RO         2274    .text               c_w.l(_printf_fp_dec.o)
    0x08014202   0x08014202   0x00000002   PAD
    0x08014204   0x08014204   0x00000030   Code   RO         2276    .text               c_w.l(_printf_char_common.o)
    0x08014234   0x08014234   0x0000000a   Code   RO         2278    .text               c_w.l(_sputc.o)
    0x0801423e   0x0801423e   0x00000002   PAD
    0x08014240   0x08014240   0x00000024   Code   RO         2280    .text               c_w.l(_printf_char_file.o)
    0x08014264   0x08014264   0x00000008   Code   RO         2314    .text               c_w.l(rt_locale_intlibspace.o)
    0x0801426c   0x0801426c   0x0000008a   Code   RO         2316    .text               c_w.l(lludiv10.o)
    0x080142f6   0x080142f6   0x00000002   PAD
    0x080142f8   0x080142f8   0x00000080   Code   RO         2318    .text               c_w.l(_printf_fp_infnan.o)
    0x08014378   0x08014378   0x000000e4   Code   RO         2322    .text               c_w.l(bigflt0.o)
    0x0801445c   0x0801445c   0x00000008   Code   RO         2347    .text               c_w.l(ferror.o)
    0x08014464   0x08014464   0x00000008   Code   RO         2358    .text               c_w.l(libspace.o)
    0x0801446c   0x0801446c   0x0000004a   Code   RO         2361    .text               c_w.l(sys_stackheap_outer.o)
    0x080144b6   0x080144b6   0x00000012   Code   RO         2363    .text               c_w.l(exit.o)
    0x080144c8   0x080144c8   0x00000080   Code   RO         2369    .text               c_w.l(strcmpv7m.o)
    0x08014548   0x08014548   0x0000003e   Code   RO         2325    CL$$btod_d2e        c_w.l(btod.o)
    0x08014586   0x08014586   0x00000046   Code   RO         2327    CL$$btod_d2e_denorm_low  c_w.l(btod.o)
    0x080145cc   0x080145cc   0x00000060   Code   RO         2326    CL$$btod_d2e_norm_op1  c_w.l(btod.o)
    0x0801462c   0x0801462c   0x00000338   Code   RO         2335    CL$$btod_div_common  c_w.l(btod.o)
    0x08014964   0x08014964   0x000000dc   Code   RO         2332    CL$$btod_e2e        c_w.l(btod.o)
    0x08014a40   0x08014a40   0x0000002a   Code   RO         2329    CL$$btod_ediv       c_w.l(btod.o)
    0x08014a6a   0x08014a6a   0x0000002a   Code   RO         2328    CL$$btod_emul       c_w.l(btod.o)
    0x08014a94   0x08014a94   0x00000244   Code   RO         2334    CL$$btod_mult_common  c_w.l(btod.o)
    0x08014cd8   0x08014cd8   0x000000ac   Code   RO         1810    CODE                os_cpu_a.o
    0x08014d84   0x08014d84   0x00000030   Code   RO         2356    i.__ARM_fpclassify  m_wm.l(fpclassify.o)
    0x08014db4   0x08014db4   0x00000014   Code   RO         2259    i.__hardfp_fabs     m_wm.l(fabs.o)
    0x08014dc8   0x08014dc8   0x0000000e   Code   RO         2210    i._is_digit         c_w.l(__printf_wp.o)
    0x08014dd6   0x08014dd6   0x00000002   PAD
    0x08014dd8   0x08014dd8   0x0000002c   Code   RO         2352    locale$$code        c_w.l(lc_numeric_c.o)
    0x08014e04   0x08014e04   0x00000062   Code   RO         2227    x$fpl$d2f           fz_wm.l(d2f.o)
    0x08014e66   0x08014e66   0x00000002   PAD
    0x08014e68   0x08014e68   0x00000150   Code   RO         2229    x$fpl$dadd          fz_wm.l(daddsub_clz.o)
    0x08014fb8   0x08014fb8   0x00000018   Code   RO         2283    x$fpl$dcmpinf       fz_wm.l(dcmpi.o)
    0x08014fd0   0x08014fd0   0x000002b0   Code   RO         2236    x$fpl$ddiv          fz_wm.l(ddiv.o)
    0x08015280   0x08015280   0x0000005a   Code   RO         2239    x$fpl$dfixu         fz_wm.l(dfixu.o)
    0x080152da   0x080152da   0x00000026   Code   RO         2243    x$fpl$dfltu         fz_wm.l(dflt_clz.o)
    0x08015300   0x08015300   0x00000078   Code   RO         2249    x$fpl$dleqf         fz_wm.l(dleqf.o)
    0x08015378   0x08015378   0x00000154   Code   RO         2251    x$fpl$dmul          fz_wm.l(dmul.o)
    0x080154cc   0x080154cc   0x0000009c   Code   RO         2285    x$fpl$dnaninf       fz_wm.l(dnaninf.o)
    0x08015568   0x08015568   0x0000000c   Code   RO         2287    x$fpl$dretinf       fz_wm.l(dretinf.o)
    0x08015574   0x08015574   0x0000006c   Code   RO         2253    x$fpl$drleqf        fz_wm.l(drleqf.o)
    0x080155e0   0x080155e0   0x000001d4   Code   RO         2231    x$fpl$dsub          fz_wm.l(daddsub_clz.o)
    0x080157b4   0x080157b4   0x00000056   Code   RO         2255    x$fpl$f2d           fz_wm.l(f2d.o)
    0x0801580a   0x0801580a   0x0000008c   Code   RO         2289    x$fpl$fnaninf       fz_wm.l(fnaninf.o)
    0x08015896   0x08015896   0x0000000a   Code   RO         2432    x$fpl$fpinit        fz_wm.l(fpinit.o)
    0x080158a0   0x080158a0   0x0000000a   Code   RO         2291    x$fpl$fretinf       fz_wm.l(fretinf.o)
    0x080158aa   0x080158aa   0x00000004   Code   RO         2257    x$fpl$printf1       fz_wm.l(printf1.o)
    0x080158ae   0x080158ae   0x00000000   Code   RO         2293    x$fpl$usenofp       fz_wm.l(usenofp.o)
    0x080158ae   0x080158ae   0x00000002   PAD
    0x080158b0   0x080158b0   0x0000001c   Data   RO          877    .constdata          stm32f4xx_fsmc.o
    0x080158cc   0x080158cc   0x000017c0   Data   RO         1304    .constdata          lcd.o
    0x0801708c   0x0801708c   0x00000104   Data   RO         1452    .constdata          cpu_core.o
    0x08017190   0x08017190   0x00000094   Data   RO         1532    .constdata          lib_str.o
    0x08017224   0x08017224   0x000000a4   Data   RO         1553    .constdata          os_cfg_app.o
    0x080172c8   0x080172c8   0x0000016c   Data   RO         1587    .constdata          os_dbg.o
    0x08017434   0x08017434   0x00000094   Data   RO         2323    .constdata          c_w.l(bigflt0.o)
    0x080174c8   0x080174c8   0x00000020   Data   RO         2497    Region$$Table       anon$$obj.o
    0x080174e8   0x080174e8   0x0000001c   Data   RO         2351    locale$$data        c_w.l(lc_numeric_c.o)


    Execution Region RW_IRAM1 (Exec base: 0x20000000, Load base: 0x08017504, Size: 0x000043f8, Max: 0x00020000, ABSOLUTE, COMPRESSED[0x0000009c])

    Exec Addr    Load Addr    Size         Type   Attr      Idx    E Section Name        Object

    0x20000000   COMPRESSED   0x00000014   Data   RW          308    .data               system_stm32f4xx.o
    0x20000014   COMPRESSED   0x00000010   Data   RW          509    .data               stm32f4xx_rcc.o
    0x20000024   COMPRESSED   0x00000004   Data   RW         1186    .data               delay.o
    0x20000028   COMPRESSED   0x00000006   Data   RW         1227    .data               usart.o
    0x2000002e   COMPRESSED   0x00000004   Data   RW         1305    .data               lcd.o
    0x20000032   COMPRESSED   0x00000002   Data   RW         1368    .data               usart3.o
    0x20000034   COMPRESSED   0x00000051   Data   RW         1395    .data               mpu9250.o
    0x20000085   COMPRESSED   0x00000003   PAD
    0x20000088   COMPRESSED   0x00000004   Data   RW         1453    .data               cpu_core.o
    0x2000008c   COMPRESSED   0x00000004   Data   RW         1514    .data               lib_mem.o
    0x20000090   COMPRESSED   0x00000008   Data   RW         1668    .data               os_prio.o
    0x20000098   COMPRESSED   0x000000c8   Data   RW         1771    .data               os_var.o
    0x20000160   COMPRESSED   0x00000004   Data   RW         1787    .data               os_cpu_c.o
    0x20000164   COMPRESSED   0x00000021   Data   RW         1829    .data               canbustask.o
    0x20000185   COMPRESSED   0x00000003   PAD
    0x20000188   COMPRESSED   0x00000404   Data   RW         1879    .data               pidcontroltask.o
    0x2000058c   COMPRESSED   0x00000004   PAD
    0x20000590   COMPRESSED   0x00000038   Data   RW         1926    .data               dataprocessingtask.o
    0x200005c8   COMPRESSED   0x00000001   Data   RW         1948    .data               firetask.o
    0x200005c9   COMPRESSED   0x00000001   PAD
    0x200005ca   COMPRESSED   0x00000002   Data   RW         1970    .data               pid.o
    0x200005cc        -       0x000008c4   Zero   RW            4    .bss                main.o
    0x20000e90        -       0x0000002a   Zero   RW          380    .bss                sprintf.o
    0x20000eba        -       0x0000000e   Zero   RW         1303    .bss                lcd.o
    0x20000ec8        -       0x00000019   Zero   RW         1344    .bss                usart2.o
    0x20000ee1        -       0x000000c8   Zero   RW         1367    .bss                usart3.o
    0x20000fa9   COMPRESSED   0x00000003   PAD
    0x20000fac        -       0x00000106   Zero   RW         1394    .bss                mpu9250.o
    0x200010b2        -       0x00000010   Zero   RW         1451    .bss                cpu_core.o
    0x200010c2   COMPRESSED   0x00000002   PAD
    0x200010c4        -       0x00000448   Zero   RW         1513    .bss                lib_mem.o
    0x2000150c        -       0x00001490   Zero   RW         1552    .bss                os_cfg_app.o
    0x2000299c        -       0x000006e0   Zero   RW         1770    .bss                os_var.o
    0x2000307c        -       0x000001f8   Zero   RW         1828    .bss                canbustask.o
    0x20003274        -       0x00000016   Zero   RW         1855    .bss                remotetask.o
    0x2000328a   COMPRESSED   0x00000002   PAD
    0x2000328c        -       0x000000d4   Zero   RW         1878    .bss                pidcontroltask.o
    0x20003360        -       0x000009bc   Zero   RW         1902    .bss                starttask.o
    0x20003d1c        -       0x00000078   Zero   RW         1925    .bss                dataprocessingtask.o
    0x20003d94        -       0x00000060   Zero   RW         2359    .bss                c_w.l(libspace.o)
    0x20003df4   COMPRESSED   0x00000004   PAD
    0x20003df8        -       0x00000200   Zero   RW          460    HEAP                startup_stm32f40_41xxx.o
    0x20003ff8        -       0x00000400   Zero   RW          459    STACK               startup_stm32f40_41xxx.o


==============================================================================

Image component sizes


      Code (inc. data)   RO Data    RW Data    ZI Data      Debug   Object Name

       132         14          0          0          0       1199   bsp.o
       364         14          0          0          0       1100   can1.o
       352          8          0          0          0       1084   can2.o
      1292         94          0         33        504       5476   canbustask.o
        52          0          0          0          0        312   cpu_a.o
       680         14        260          4         16      14643   cpu_core.o
      1376        112          0         56        120       1393   dataprocessingtask.o
       328         24          0          4          0       1853   delay.o
       164         20          0          1          0       1118   firetask.o
     19556        156       6080          4         14      22718   lcd.o
        64          6          0          0          0     237939   led.o
       598          0          0          0          0       3952   lib_ascii.o
      2502         32          0          4       1096      22296   lib_mem.o
       544          0          0          0          0        456   lib_mem_a.o
      2348          6        148          0          0      13846   lib_str.o
       316         34          0          0       2244     122343   main.o
       224         20          0          0          0       1925   misc.o
       408         72          0         81        262       1729   mpu9250.o
       252        166        164          0       5264      20834   os_cfg_app.o
      3568        284          0          0          0      12593   os_core.o
       172         32          0          0          0        380   os_cpu_a.o
      1016         64          0          4          0       4009   os_cpu_c.o
       432        286        364          0          0       4713   os_dbg.o
      3624        110          0          0          0       8227   os_flag.o
      1092        146          0          0          0       2336   os_int.o
       568         20          0          0          0       2856   os_mem.o
       556         12          0          0          0       2843   os_msg.o
      2772        114          0          0          0       5762   os_mutex.o
       124          4          0          8          0       1856   os_prio.o
      2264         76          0          0          0       6524   os_q.o
      2096         70          0          0          0       6544   os_sem.o
      1592        180          0          0          0       2817   os_stat.o
      7092        270          0          0          0      14370   os_task.o
      1276         90          0          0          0       3433   os_tick.o
      1380         46          0          0          0       3289   os_time.o
      2072        140          0          0          0       6670   os_tmr.o
         0          0          0        200       1760      19301   os_var.o
       556          4          0          2          0       1156   pid.o
      1166        140          0       1028        212       3258   pidcontroltask.o
       272          4          0          0         22       1923   remotetask.o
       764        166          0          0         42       3454   sprintf.o
       396         40          0          0       2492       1847   starttask.o
        64         26        392          0       1536        820   startup_stm32f40_41xxx.o
      2544         38          0          0          0       8248   stm32f4xx_can.o
       936         32          0          0          0       6497   stm32f4xx_dma.o
      1480         18         28          0          0       5762   stm32f4xx_fsmc.o
       660         44          0          0          0       4261   stm32f4xx_gpio.o
        22          0          0          0          0       1019   stm32f4xx_it.o
      1628         52          0         16          0      13148   stm32f4xx_rcc.o
      3234         60          0          0          0      23116   stm32f4xx_tim.o
      1108         34          0          0          0       7988   stm32f4xx_usart.o
       528         46          0         20          0       1731   system_stm32f4xx.o
       128          4          0          0          0        804   tim3.o
       160         12          0          0          0        778   tim4.o
       240         10          0          6          0       2932   usart.o
       340         32          0          0         25       1483   usart2.o
       348         16          0          2        200       1826   usart3.o

    ----------------------------------------------------------------------
     79832       3514       7468       1484      15816     676790   Object Totals
         0          0         32          0          0          0   (incl. Generated)
        10          0          0         11          7          0   (incl. Padding)

    ----------------------------------------------------------------------

      Code (inc. data)   RO Data    RW Data    ZI Data      Debug   Library Member Name

       112          6          0          0          0       5660   ramp.o
        90          0          0          0          0          0   __dczerorl2.o
         8          0          0          0          0         68   __main.o
       284          0          0          0          0        156   __printf_wp.o
         0          0          0          0          0          0   __rtentry.o
        12          0          0          0          0          0   __rtentry2.o
         6          0          0          0          0          0   __rtentry4.o
        52          8          0          0          0          0   __scatter.o
        28          0          0          0          0          0   __scatter_zi.o
        48          6          0          0          0         96   _printf_char_common.o
        36          4          0          0          0         80   _printf_char_file.o
         6          0          0          0          0          0   _printf_d.o
       120         16          0          0          0         92   _printf_dec.o
         6          0          0          0          0          0   _printf_f.o
      1054          0          0          0          0        216   _printf_fp_dec.o
       128         16          0          0          0         84   _printf_fp_infnan.o
       178          0          0          0          0         88   _printf_intcommon.o
        78          0          0          0          0        108   _printf_pad.o
         0          0          0          0          0          0   _printf_percent.o
         4          0          0          0          0          0   _printf_percent_end.o
        10          0          0          0          0         68   _sputc.o
       228          4        148          0          0         96   bigflt0.o
      1936        128          0          0          0        672   btod.o
        18          0          0          0          0         80   exit.o
         8          0          0          0          0         68   ferror.o
         6          0          0          0          0        152   heapauxi.o
        44         10         28          0          0         76   lc_numeric_c.o
         2          0          0          0          0          0   libinit.o
        22          0          0          0          0          0   libinit2.o
         2          0          0          0          0          0   libshutdown.o
         2          0          0          0          0          0   libshutdown2.o
         8          4          0          0         96         68   libspace.o
       138          0          0          0          0         80   lludiv10.o
       238          0          0          0          0        100   lludivv7m.o
        24          4          0          0          0         84   noretval__2printf.o
        40          6          0          0          0         84   noretval__2sprintf.o
         8          4          0          0          0         68   rt_locale_intlibspace.o
         2          0          0          0          0          0   rtexit.o
        10          0          0          0          0          0   rtexit2.o
       128          0          0          0          0         68   strcmpv7m.o
        74          0          0          0          0         80   sys_stackheap_outer.o
         2          0          0          0          0         68   use_no_semi.o
         2          0          0          0          0         68   use_no_semi_2.o
        98          4          0          0          0        140   d2f.o
       804         16          0          0          0        368   daddsub_clz.o
        24          0          0          0          0        116   dcmpi.o
       688        140          0          0          0        256   ddiv.o
        90          4          0          0          0        140   dfixu.o
        38          0          0          0          0        116   dflt_clz.o
       120          4          0          0          0        140   dleqf.o
       340         12          0          0          0        152   dmul.o
       156          4          0          0          0        140   dnaninf.o
        12          0          0          0          0        116   dretinf.o
       108          0          0          0          0        128   drleqf.o
        86          4          0          0          0        132   f2d.o
       140          4          0          0          0        132   fnaninf.o
        10          0          0          0          0        116   fpinit.o
        10          0          0          0          0        116   fretinf.o
         4          0          0          0          0        116   printf1.o
         0          0          0          0          0          0   usenofp.o
        20          0          0          0          0        124   fabs.o
        48          0          0          0          0        124   fpclassify.o

    ----------------------------------------------------------------------
      8016        408        176          0        100      11300   Library Totals
        18          0          0          0          4          0   (incl. Padding)

    ----------------------------------------------------------------------

      Code (inc. data)   RO Data    RW Data    ZI Data      Debug   Library Name

       112          6          0          0          0       5660   RMLib.lib
      5090        210        176          0         96       2968   c_w.l
      2728        192          0          0          0       2424   fz_wm.l
        68          0          0          0          0        248   m_wm.l

    ----------------------------------------------------------------------
      8016        408        176          0        100      11300   Library Totals

    ----------------------------------------------------------------------

==============================================================================


      Code (inc. data)   RO Data    RW Data    ZI Data      Debug   

     87848       3922       7644       1484      15916     672978   Grand Totals
     87848       3922       7644        156      15916     672978   ELF Image Totals (compressed)
     87848       3922       7644        156          0          0   ROM Totals

==============================================================================

    Total RO  Size (Code + RO Data)                95492 (  93.25kB)
    Total RW  Size (RW Data + ZI Data)             17400 (  16.99kB)
    Total ROM Size (Code + RO Data + RW Data)      95648 (  93.41kB)

==============================================================================

